<html>
<body>
<pre>
<h1>µVision Build Log</h1>
<h2>Tool Versions:</h2>
IDE-Version: ¦ÌVision V5.24.2.0
Copyright (C) 2017 ARM Ltd and ARM Germany GmbH. All rights reserved.
License Information: a a, a, LIC=WHYH9-4ZE3C-9UD4U-SB209-8VHYB-I51E3
 
Tool Versions:
Toolchain:       MDK-ARM Plus  Version: 5.24.1
Toolchain Path:  D:\works\Keil5\ARM\ARMCC\Bin
C Compiler:      Armcc.exe V5.06 update 5 (build 528)
Assembler:       Armasm.exe V5.06 update 5 (build 528)
Linker/Locator:  ArmLink.exe V5.06 update 5 (build 528)
Library Manager: ArmAr.exe V5.06 update 5 (build 528)
Hex Converter:   FromElf.exe V5.06 update 5 (build 528)
CPU DLL:         SARMCM3.DLL V5.24.1
Dialog DLL:      DCM.DLL V1.16.0.0
Target DLL:      STLink\ST-LINKIII-KEIL_SWO.dll V3.0.1.0
Dialog DLL:      TCM.DLL V1.32.0.0
 
<h2>Project:</h2>
c:\Users\19062\Desktop\Graduation_project\final\MDK-ARM\03_Location_HAL.uvprojx
Project File Date:  09/25/2024

<h2>Output:</h2>
*** Using Compiler 'V5.06 update 5 (build 528)', folder: 'D:\works\Keil5\ARM\ARMCC\Bin'
Rebuild target '03_Location_HAL'
assembling startup_stm32f103xb.s...
compiling i2c.c...
compiling stm32f1xx_it.c...
compiling rtc.c...
compiling stm32f1xx_hal_gpio_ex.c...
compiling spi.c...
compiling gpio.c...
compiling stm32f1xx_hal_msp.c...
compiling stm32f1xx_hal.c...
compiling usart.c...
compiling main.c...
../App/lower_power/App_LowPower.h(12): warning:  #1-D: last line of file ends without a newline
  #endif 
../Core/Src/main.c: 1 warning, 0 errors
compiling stm32f1xx_hal_i2c.c...
compiling stm32f1xx_hal_exti.c...
compiling stm32f1xx_hal_cortex.c...
compiling stm32f1xx_hal_rcc_ex.c...
compiling stm32f1xx_hal_pwr.c...
compiling stm32f1xx_hal_gpio.c...
compiling stm32f1xx_hal_flash_ex.c...
compiling stm32f1xx_hal_flash.c...
compiling stm32f1xx_hal_rtc.c...
compiling stm32f1xx_hal_dma.c...
compiling stm32f1xx_hal_rcc.c...
compiling stm32f1xx_hal_rtc_ex.c...
compiling stm32f1xx_hal_tim.c...
compiling stm32f1xx_hal_tim_ex.c...
compiling Inf_AT6558R.c...
compiling ebyte_core.c...
compiling system_stm32f1xx.c...
compiling App_StepCount.c...
compiling App_LowPower.c...
..\App\lower_power\App_LowPower.h(12): warning:  #1-D: last line of file ends without a newline
  #endif 
..\App\lower_power\App_LowPower.c(33): warning:  #1-D: last line of file ends without a newline
  }
..\App\lower_power\App_LowPower.c: 2 warnings, 0 errors
compiling App_Communication.c...
compiling Inf_DS3553.c...
compiling Inf_QS100.c...
compiling ebyte_callback.c...
compiling ebyte_e220x.c...
compiling stm32f1xx_hal_spi.c...
compiling stm32f1xx_hal_uart.c...
compiling cJSON.c...
compiling ebyte_port.c...
compiling Inf_LoRa.c...
compiling Common_Debug.c...
compiling Common_Util.c...
..\common\tool\Common_Util.c(65): warning:  #167-D: argument of type "uint8_t *" is incompatible with parameter of type "char *restrict"
      sprintf(uploadData->uid, "%08X%08X%08X", HAL_GetUIDw0(), HAL_GetUIDw1(), HAL_GetUIDw2());
..\common\tool\Common_Util.c: 1 warning, 0 errors
linking...
Program Size: Code=31698 RO-data=802 RW-data=64 ZI-data=6816  
FromELF: creating hex file...
"03_Location_HAL\03_Location_HAL.axf" - 0 Error(s), 4 Warning(s).

<h2>Software Packages used:</h2>

Package Vendor: ARM
                http://www.keil.com/pack/ARM.CMSIS.5.0.1.pack
                ARM.CMSIS.5.0.1
                CMSIS (Cortex Microcontroller Software Interface Standard)
   * Component: CORE Version: 5.0.1

Package Vendor: Keil
                http://www.keil.com/pack/Keil.STM32F1xx_DFP.2.2.0.pack
                Keil.STM32F1xx_DFP.2.2.0
                STMicroelectronics STM32F1 Series Device Support, Drivers and Examples

<h2>Collection of Component include folders:</h2>
  .\RTE\_03_Location_HAL
  D:\works\Keil5\ARM\PACK\ARM\CMSIS\5.0.1\CMSIS\Include
  D:\works\Keil5\ARM\PACK\Keil\STM32F1xx_DFP\2.2.0\Device\Include

<h2>Collection of Component Files used:</h2>

   * Component: ARM::CMSIS:CORE:5.0.1
Build Time Elapsed:  00:00:05
</pre>
</body>
</html>
