Component: ARM Compiler 5.06 update 5 (build 528) Tool: armlink [4d35e2]

==============================================================================

Section Cross References

    startup_stm32f103xb.o(RESET) refers to startup_stm32f103xb.o(STACK) for __initial_sp
    startup_stm32f103xb.o(RESET) refers to startup_stm32f103xb.o(.text) for Reset_Handler
    startup_stm32f103xb.o(RESET) refers to stm32f1xx_it.o(i.NMI_Handler) for NMI_Handler
    startup_stm32f103xb.o(RESET) refers to stm32f1xx_it.o(i.HardFault_Handler) for HardFault_Handler
    startup_stm32f103xb.o(RESET) refers to stm32f1xx_it.o(i.MemManage_Handler) for MemManage_Handler
    startup_stm32f103xb.o(RESET) refers to stm32f1xx_it.o(i.BusFault_Handler) for BusFault_Handler
    startup_stm32f103xb.o(RESET) refers to stm32f1xx_it.o(i.UsageFault_Handler) for UsageFault_Handler
    startup_stm32f103xb.o(RESET) refers to stm32f1xx_it.o(i.SVC_Handler) for SVC_Handler
    startup_stm32f103xb.o(RESET) refers to stm32f1xx_it.o(i.DebugMon_Handler) for DebugMon_Handler
    startup_stm32f103xb.o(RESET) refers to stm32f1xx_it.o(i.PendSV_Handler) for PendSV_Handler
    startup_stm32f103xb.o(RESET) refers to stm32f1xx_it.o(i.SysTick_Handler) for SysTick_Handler
    startup_stm32f103xb.o(RESET) refers to stm32f1xx_it.o(i.USART2_IRQHandler) for USART2_IRQHandler
    startup_stm32f103xb.o(RESET) refers to stm32f1xx_it.o(i.USART3_IRQHandler) for USART3_IRQHandler
    startup_stm32f103xb.o(.text) refers to system_stm32f1xx.o(i.SystemInit) for SystemInit
    startup_stm32f103xb.o(.text) refers to entry.o(.ARM.Collect$$$$00000000) for __main
    main.o(i.SystemClock_Config) refers to memseta.o(.text) for __aeabi_memclr4
    main.o(i.SystemClock_Config) refers to stm32f1xx_hal_rcc.o(i.HAL_RCC_OscConfig) for HAL_RCC_OscConfig
    main.o(i.SystemClock_Config) refers to main.o(i.Error_Handler) for Error_Handler
    main.o(i.SystemClock_Config) refers to stm32f1xx_hal_rcc.o(i.HAL_RCC_ClockConfig) for HAL_RCC_ClockConfig
    main.o(i.SystemClock_Config) refers to stm32f1xx_hal_rcc_ex.o(i.HAL_RCCEx_PeriphCLKConfig) for HAL_RCCEx_PeriphCLKConfig
    main.o(i.main) refers to stm32f1xx_hal.o(i.HAL_Init) for HAL_Init
    main.o(i.main) refers to main.o(i.SystemClock_Config) for SystemClock_Config
    main.o(i.main) refers to gpio.o(i.MX_GPIO_Init) for MX_GPIO_Init
    main.o(i.main) refers to rtc.o(i.MX_RTC_Init) for MX_RTC_Init
    main.o(i.main) refers to common_debug.o(i.Common_Debug_Init) for Common_Debug_Init
    main.o(i.main) refers to strrchr.o(.text) for strrchr
    main.o(i.main) refers to printfa.o(i.__0printf) for __2printf
    main.o(i.main) refers to app_lowpower.o(i.App_LowPower_ExitLowpower) for App_LowPower_ExitLowpower
    main.o(i.main) refers to app_communication.o(i.App_Communication_Start) for App_Communication_Start
    main.o(i.main) refers to app_communication.o(i.App_Communication_GetGpsInfo) for App_Communication_GetGpsInfo
    main.o(i.main) refers to app_stepcount.o(i.App_StepCount_Start) for App_StepCount_Start
    main.o(i.main) refers to app_stepcount.o(i.App_StepCount_GetStepNum) for App_StepCount_GetStepNum
    main.o(i.main) refers to app_communication.o(i.App_Communication_SendData) for App_Communication_SendData
    main.o(i.main) refers to app_communication.o(i.printUploadData) for printUploadData
    main.o(i.main) refers to common_util.o(i.Common_Delay_Ms) for Common_Delay_Ms
    main.o(i.main) refers to app_lowpower.o(i.App_LowPower_EnterLowpower) for App_LowPower_EnterLowpower
    main.o(i.main) refers to main.o(.bss) for uploadData
    gpio.o(i.MX_GPIO_Init) refers to stm32f1xx_hal_gpio.o(i.HAL_GPIO_WritePin) for HAL_GPIO_WritePin
    gpio.o(i.MX_GPIO_Init) refers to stm32f1xx_hal_gpio.o(i.HAL_GPIO_Init) for HAL_GPIO_Init
    i2c.o(i.HAL_I2C_MspDeInit) refers to stm32f1xx_hal_gpio.o(i.HAL_GPIO_DeInit) for HAL_GPIO_DeInit
    i2c.o(i.HAL_I2C_MspInit) refers to stm32f1xx_hal_gpio.o(i.HAL_GPIO_Init) for HAL_GPIO_Init
    i2c.o(i.MX_I2C1_Init) refers to stm32f1xx_hal_i2c.o(i.HAL_I2C_Init) for HAL_I2C_Init
    i2c.o(i.MX_I2C1_Init) refers to main.o(i.Error_Handler) for Error_Handler
    i2c.o(i.MX_I2C1_Init) refers to i2c.o(.bss) for hi2c1
    rtc.o(i.HAL_RTC_MspInit) refers to stm32f1xx_hal_pwr.o(i.HAL_PWR_EnableBkUpAccess) for HAL_PWR_EnableBkUpAccess
    rtc.o(i.MX_RTC_Init) refers to stm32f1xx_hal_rtc.o(i.HAL_RTC_Init) for HAL_RTC_Init
    rtc.o(i.MX_RTC_Init) refers to main.o(i.Error_Handler) for Error_Handler
    rtc.o(i.MX_RTC_Init) refers to rtc.o(.bss) for hrtc
    spi.o(i.HAL_SPI_MspDeInit) refers to stm32f1xx_hal_gpio.o(i.HAL_GPIO_DeInit) for HAL_GPIO_DeInit
    spi.o(i.HAL_SPI_MspInit) refers to stm32f1xx_hal_gpio.o(i.HAL_GPIO_Init) for HAL_GPIO_Init
    spi.o(i.MX_SPI1_Init) refers to stm32f1xx_hal_spi.o(i.HAL_SPI_Init) for HAL_SPI_Init
    spi.o(i.MX_SPI1_Init) refers to main.o(i.Error_Handler) for Error_Handler
    spi.o(i.MX_SPI1_Init) refers to spi.o(.bss) for hspi1
[...]
    _printf_pre_padding                      0x08006b41   Thumb Code    46  printfa.o(i._printf_pre_padding)
    i._sputc                                 0x08006b6e   Section        0  printfa.o(i._sputc)
    _sputc                                   0x08006b6f   Thumb Code    10  printfa.o(i._sputc)
    i.add_item_to_array                      0x08006b78   Section        0  cjson.o(i.add_item_to_array)
    add_item_to_array                        0x08006b79   Thumb Code    54  cjson.o(i.add_item_to_array)
    i.add_item_to_object                     0x08006bae   Section        0  cjson.o(i.add_item_to_object)
    add_item_to_object                       0x08006baf   Thumb Code   122  cjson.o(i.add_item_to_object)
    i.cJSON_AddNumberToObject                0x08006c28   Section        0  cjson.o(i.cJSON_AddNumberToObject)
    i.cJSON_AddStringToObject                0x08006c64   Section        0  cjson.o(i.cJSON_AddStringToObject)
    i.cJSON_CreateNumber                     0x08006c98   Section        0  cjson.o(i.cJSON_CreateNumber)
    i.cJSON_CreateObject                     0x08006cfc   Section        0  cjson.o(i.cJSON_CreateObject)
    i.cJSON_CreateString                     0x08006d14   Section        0  cjson.o(i.cJSON_CreateString)
    i.cJSON_Delete                           0x08006d48   Section        0  cjson.o(i.cJSON_Delete)
    i.cJSON_New_Item                         0x08006da8   Section        0  cjson.o(i.cJSON_New_Item)
    cJSON_New_Item                           0x08006da9   Thumb Code    26  cjson.o(i.cJSON_New_Item)
    i.cJSON_PrintUnformatted                 0x08006dc4   Section        0  cjson.o(i.cJSON_PrintUnformatted)
    i.cJSON_strdup                           0x08006dd8   Section        0  cjson.o(i.cJSON_strdup)
    cJSON_strdup                             0x08006dd9   Thumb Code    56  cjson.o(i.cJSON_strdup)
    i.cast_away_const                        0x08006e10   Section        0  cjson.o(i.cast_away_const)
    cast_away_const                          0x08006e11   Thumb Code     2  cjson.o(i.cast_away_const)
    i.compare_double                         0x08006e14   Section        0  cjson.o(i.compare_double)
    compare_double                           0x08006e15   Thumb Code   112  cjson.o(i.compare_double)
    i.ensure                                 0x08006e88   Section        0  cjson.o(i.ensure)
    ensure                                   0x08006e89   Thumb Code   184  cjson.o(i.ensure)
    i.fputc                                  0x08006f40   Section        0  common_debug.o(i.fputc)
    i.get_decimal_point                      0x08006f5c   Section        0  cjson.o(i.get_decimal_point)
    get_decimal_point                        0x08006f5d   Thumb Code     4  cjson.o(i.get_decimal_point)
    i.internal_alloc                         0x08006f60   Section        0  mallocr.o(i.internal_alloc)
    internal_alloc                           0x08006f61   Thumb Code    76  mallocr.o(i.internal_alloc)
    i.main                                   0x08006fb0   Section        0  main.o(i.main)
    i.print                                  0x08007494   Section        0  cjson.o(i.print)
    print                                    0x08007495   Thumb Code   188  cjson.o(i.print)
    i.printUploadData                        0x08007550   Section        0  app_communication.o(i.printUploadData)
    i.print_array                            0x08007624   Section        0  cjson.o(i.print_array)
    print_array                              0x08007625   Thumb Code   178  cjson.o(i.print_array)
    i.print_number                           0x080076d8   Section        0  cjson.o(i.print_number)
    print_number                             0x080076d9   Thumb Code   304  cjson.o(i.print_number)
    i.print_object                           0x0800782c   Section        0  cjson.o(i.print_object)
    print_object                             0x0800782d   Thumb Code   372  cjson.o(i.print_object)
    i.print_string                           0x080079a0   Section        0  cjson.o(i.print_string)
    print_string                             0x080079a1   Thumb Code    16  cjson.o(i.print_string)
    i.print_string_ptr                       0x080079b0   Section        0  cjson.o(i.print_string_ptr)
    print_string_ptr                         0x080079b1   Thumb Code   360  cjson.o(i.print_string_ptr)
    i.print_value                            0x08007b24   Section        0  cjson.o(i.print_value)
    print_value                              0x08007b25   Thumb Code   236  cjson.o(i.print_value)
    i.realloc                                0x08007c28   Section        0  mallocr.o(i.realloc)
    i.suffix_object                          0x08007c94   Section        0  cjson.o(i.suffix_object)
    suffix_object                            0x08007c95   Thumb Code     6  cjson.o(i.suffix_object)
    i.update_offset                          0x08007c9a   Section        0  cjson.o(i.update_offset)
    update_offset                            0x08007c9b   Thumb Code    36  cjson.o(i.update_offset)
    .constdata                               0x08007cbe   Section       18  stm32f1xx_hal_rcc.o(.constdata)
    aPLLMULFactorTable                       0x08007cbe   Data          16  stm32f1xx_hal_rcc.o(.constdata)
    aPredivFactorTable                       0x08007cce   Data           2  stm32f1xx_hal_rcc.o(.constdata)
    .constdata                               0x08007cd0   Section       18  stm32f1xx_hal_rcc_ex.o(.constdata)
    aPLLMULFactorTable                       0x08007cd0   Data          16  stm32f1xx_hal_rcc_ex.o(.constdata)
    aPredivFactorTable                       0x08007ce0   Data           2  stm32f1xx_hal_rcc_ex.o(.constdata)
    .constdata                               0x08007ce2   Section       24  system_stm32f1xx.o(.constdata)
    .constdata                               0x08007cfc   Section       32  ebyte_core.o(.constdata)
    .constdata                               0x08007d1c   Section      200  ebyte_e220x.o(.constdata)
    Ebyte_E220x_LoraBpsTable                 0x08007d1c   Data          24  ebyte_e220x.o(.constdata)
    .constdata                               0x08007de4   Section       12  mktime.o(.constdata)
    monlen                                   0x08007de4   Data          12  mktime.o(.constdata)
    .constdata                               0x08007df0   Section       12  localtime_i.o(.constdata)
    monlen                                   0x08007df0   Data          12  localtime_i.o(.constdata)
    .constdata                               0x08007dfc   Section       64  ctype_c.o(.constdata)
    .conststring                             0x08007e3c   Section      151  ebyte_callback.o(.conststring)
    .data                                    0x20000000   Section        9  stm32f1xx_hal.o(.data)
    .data                                    0x2000000c   Section        4  system_stm32f1xx.o(.data)
    .data                                    0x20000010   Section        2  app_communication.o(.data)
    gpsInfoLen                               0x20000010   Data           2  app_communication.o(.data)
    .data                                    0x20000012   Section        4  inf_qs100.o(.data)
    rxDataLen                                0x20000012   Data           2  inf_qs100.o(.data)
    responseDataLen                          0x20000014   Data           2  inf_qs100.o(.data)
    .data                                    0x20000016   Section        2  inf_at6558r.o(.data)
    rxDataLen                                0x20000016   Data           2  inf_at6558r.o(.data)
    .data                                    0x20000018   Section        8  ebyte_e220x.o(.data)
    OperatingMode                            0x20000018   Data           1  ebyte_e220x.o(.data)
    PacketType                               0x20000019   Data           1  ebyte_e220x.o(.data)
    FrequencyError                           0x2000001c   Data           4  ebyte_e220x.o(.data)
    .data                                    0x20000020   Section       20  cjson.o(.data)
    global_error                             0x20000020   Data           8  cjson.o(.data)
    global_hooks                             0x20000028   Data          12  cjson.o(.data)
    .data                                    0x20000034   Section        4  stdout.o(.data)
    .data                                    0x20000038   Section        4  mvars.o(.data)
    .data                                    0x2000003c   Section        4  mvars.o(.data)
    .bss                                     0x20000040   Section      432  main.o(.bss)
    .bss                                     0x200001f0   Section       84  i2c.o(.bss)
    .bss                                     0x20000244   Section       20  rtc.o(.bss)
    .bss                                     0x20000258   Section       88  spi.o(.bss)
    .bss                                     0x200002b0   Section      216  usart.o(.bss)
    .bss                                     0x20000388   Section     1024  app_communication.o(.bss)
    gpsInfoBuff                              0x20000388   Data        1024  app_communication.o(.bss)
    .bss                                     0x20000788   Section     1458  inf_qs100.o(.bss)
    rxDataBuff                               0x20000788   Data         128  inf_qs100.o(.bss)
    responseDataBuff                         0x20000808   Data         256  inf_qs100.o(.bss)
    tmpCmd                                   0x20000908   Data          50  inf_qs100.o(.bss)
    .bss                                     0x20000d3a   Section     1124  inf_at6558r.o(.bss)
    rxData                                   0x20000d3a   Data        1024  inf_at6558r.o(.bss)
    tmpCmd                                   0x2000113a   Data         100  inf_at6558r.o(.bss)
    .bss                                     0x200011a0   Section      275  ebyte_e220x.o(.bss)
    PacketStatus                             0x200011a0   Data          20  ebyte_e220x.o(.bss)
    RecvPacketBuffer                         0x200011b4   Data         255  ebyte_e220x.o(.bss)
    .bss                                     0x200012b4   Section       44  localtime_w.o(.bss)
    _tms                                     0x200012b4   Data          44  localtime_w.o(.bss)
    HEAP                                     0x200012e0   Section     1024  startup_stm32f103xb.o(HEAP)
    STACK                                    0x200016e0   Section     1024  startup_stm32f103xb.o(STACK)

    Global Symbols

    Symbol Name                              Value     Ov Type        Size  Object(Section)

    BuildAttributes$$THM_ISAv4$P$D$K$B$S$PE$A:L22UL41UL21$X:L11$S22US41US21$IEEE1$IW$USESV6$~STKCKD$USESV7$~SHL$OTIME$ROPI$IEEEJ$EBA8$MICROLIB$REQ8$PRES8$EABIv2 0x00000000   Number         0  anon$$obj.o ABSOLUTE
    __ARM_use_no_argv                        0x00000000   Number         0  main.o ABSOLUTE
    _printf_a                                0x00000000   Number         0  stubs.o ABSOLUTE
    _printf_c                                0x00000000   Number         0  stubs.o ABSOLUTE
    _printf_charcount                        0x00000000   Number         0  stubs.o ABSOLUTE
    _printf_d                                0x00000000   Number         0  stubs.o ABSOLUTE
    _printf_e                                0x00000000   Number         0  stubs.o ABSOLUTE
    _printf_f                                0x00000000   Number         0  stubs.o ABSOLUTE
    _printf_flags                            0x00000000   Number         0  stubs.o ABSOLUTE
    _printf_fp_dec                           0x00000000   Number         0  stubs.o ABSOLUTE
    _printf_fp_hex                           0x00000000   Number         0  stubs.o ABSOLUTE
    _printf_g                                0x00000000   Number         0  stubs.o ABSOLUTE
    _printf_i                                0x00000000   Number         0  stubs.o ABSOLUTE
    _printf_int_dec                          0x00000000   Number         0  stubs.o ABSOLUTE
    _printf_l                                0x00000000   Number         0  stubs.o ABSOLUTE
    _printf_lc                               0x00000000   Number         0  stubs.o ABSOLUTE
    _printf_ll                               0x00000000   Number         0  stubs.o ABSOLUTE
    _printf_lld                              0x00000000   Number         0  stubs.o ABSOLUTE
    _printf_lli                              0x00000000   Number         0  stubs.o ABSOLUTE
    _printf_llo                              0x00000000   Number         0  stubs.o ABSOLUTE
    _printf_llu                              0x00000000   Number         0  stubs.o ABSOLUTE
    _printf_llx                              0x00000000   Number         0  stubs.o ABSOLUTE
    _printf_longlong_dec                     0x00000000   Number         0  stubs.o ABSOLUTE
    _printf_longlong_hex                     0x00000000   Number         0  stubs.o ABSOLUTE
    _printf_longlong_oct                     0x00000000   Number         0  stubs.o ABSOLUTE
    _printf_ls                               0x00000000   Number         0  stubs.o ABSOLUTE
    _printf_mbtowc                           0x00000000   Number         0  stubs.o ABSOLUTE
    _printf_n                                0x00000000   Number         0  stubs.o ABSOLUTE
    _printf_o                                0x00000000   Number         0  stubs.o ABSOLUTE
    _printf_p                                0x00000000   Number         0  stubs.o ABSOLUTE
    _printf_percent                          0x00000000   Number         0  stubs.o ABSOLUTE
    _printf_pre_padding                      0x00000000   Number         0  stubs.o ABSOLUTE
    _printf_return_value                     0x00000000   Number         0  stubs.o ABSOLUTE
    _printf_s                                0x00000000   Number         0  stubs.o ABSOLUTE
    _printf_sizespec                         0x00000000   Number         0  stubs.o ABSOLUTE
    _printf_str                              0x00000000   Number         0  stubs.o ABSOLUTE
    _printf_truncate_signed                  0x00000000   Number         0  stubs.o ABSOLUTE
    _printf_truncate_unsigned                0x00000000   Number         0  stubs.o ABSOLUTE
    _printf_u                                0x00000000   Number         0  stubs.o ABSOLUTE
    _printf_wc                               0x00000000   Number         0  stubs.o ABSOLUTE
    _printf_wctomb                           0x00000000   Number         0  stubs.o ABSOLUTE
    _printf_widthprec                        0x00000000   Number         0  stubs.o ABSOLUTE
    _printf_x                                0x00000000   Number         0  stubs.o ABSOLUTE
    __cpp_initialize__aeabi_                  - Undefined Weak Reference
    __cxa_finalize                            - Undefined Weak Reference
    __decompress                              - Undefined Weak Reference
    _clock_init                               - Undefined Weak Reference
    _microlib_exit                            - Undefined Weak Reference
    _scanf_longlong                           - Undefined Weak Reference
    __Vectors_Size                           0x000000ec   Number         0  startup_stm32f103xb.o ABSOLUTE
    __Vectors                                0x08000000   Data           4  startup_stm32f103xb.o(RESET)
    __Vectors_End                            0x080000ec   Data           0  startup_stm32f103xb.o(RESET)
    __main                                   0x080000ed   Thumb Code     0  entry.o(.ARM.Collect$$$$00000000)
    _main_stk                                0x080000ed   Thumb Code     0  entry2.o(.ARM.Collect$$$$00000001)
    _main_scatterload                        0x080000f1   Thumb Code     0  entry5.o(.ARM.Collect$$$$00000004)
    __main_after_scatterload                 0x080000f5   Thumb Code     0  entry5.o(.ARM.Collect$$$$00000004)
    _main_clock                              0x080000f5   Thumb Code     0  entry7b.o(.ARM.Collect$$$$00000008)
    _main_cpp_init                           0x080000f5   Thumb Code     0  entry8b.o(.ARM.Collect$$$$0000000A)
    _main_init                               0x080000f5   Thumb Code     0  entry9a.o(.ARM.Collect$$$$0000000B)
    __rt_final_cpp                           0x080000fd   Thumb Code     0  entry10a.o(.ARM.Collect$$$$0000000D)
    __rt_final_exit                          0x080000fd   Thumb Code     0  entry11a.o(.ARM.Collect$$$$0000000F)
    Reset_Handler                            0x08000101   Thumb Code     8  startup_stm32f103xb.o(.text)
    ADC1_2_IRQHandler                        0x0800011b   Thumb Code     0  startup_stm32f103xb.o(.text)
    CAN1_RX1_IRQHandler                      0x0800011b   Thumb Code     0  startup_stm32f103xb.o(.text)
    CAN1_SCE_IRQHandler                      0x0800011b   Thumb Code     0  startup_stm32f103xb.o(.text)
    DMA1_Channel1_IRQHandler                 0x0800011b   Thumb Code     0  startup_stm32f103xb.o(.text)
    DMA1_Channel2_IRQHandler                 0x0800011b   Thumb Code     0  startup_stm32f103xb.o(.text)
    DMA1_Channel3_IRQHandler                 0x0800011b   Thumb Code     0  startup_stm32f103xb.o(.text)
    DMA1_Channel4_IRQHandler                 0x0800011b   Thumb Code     0  startup_stm32f103xb.o(.text)
    DMA1_Channel5_IRQHandler                 0x0800011b   Thumb Code     0  startup_stm32f103xb.o(.text)
    DMA1_Channel6_IRQHandler                 0x0800011b   Thumb Code     0  startup_stm32f103xb.o(.text)
    DMA1_Channel7_IRQHandler                 0x0800011b   Thumb Code     0  startup_stm32f103xb.o(.text)
    EXTI0_IRQHandler                         0x0800011b   Thumb Code     0  startup_stm32f103xb.o(.text)
    EXTI15_10_IRQHandler                     0x0800011b   Thumb Code     0  startup_stm32f103xb.o(.text)
    EXTI1_IRQHandler                         0x0800011b   Thumb Code     0  startup_stm32f103xb.o(.text)
    EXTI2_IRQHandler                         0x0800011b   Thumb Code     0  startup_stm32f103xb.o(.text)
    EXTI3_IRQHandler                         0x0800011b   Thumb Code     0  startup_stm32f103xb.o(.text)
    EXTI4_IRQHandler                         0x0800011b   Thumb Code     0  startup_stm32f103xb.o(.text)
    EXTI9_5_IRQHandler                       0x0800011b   Thumb Code     0  startup_stm32f103xb.o(.text)
    FLASH_IRQHandler                         0x0800011b   Thumb Code     0  startup_stm32f103xb.o(.text)
    I2C1_ER_IRQHandler                       0x0800011b   Thumb Code     0  startup_stm32f103xb.o(.text)
    I2C1_EV_IRQHandler                       0x0800011b   Thumb Code     0  startup_stm32f103xb.o(.text)
    I2C2_ER_IRQHandler                       0x0800011b   Thumb Code     0  startup_stm32f103xb.o(.text)
    I2C2_EV_IRQHandler                       0x0800011b   Thumb Code     0  startup_stm32f103xb.o(.text)
    PVD_IRQHandler                           0x0800011b   Thumb Code     0  startup_stm32f103xb.o(.text)
    RCC_IRQHandler                           0x0800011b   Thumb Code     0  startup_stm32f103xb.o(.text)
    RTC_Alarm_IRQHandler                     0x0800011b   Thumb Code     0  startup_stm32f103xb.o(.text)
    RTC_IRQHandler                           0x0800011b   Thumb Code     0  startup_stm32f103xb.o(.text)
    SPI1_IRQHandler                          0x0800011b   Thumb Code     0  startup_stm32f103xb.o(.text)
    SPI2_IRQHandler                          0x0800011b   Thumb Code     0  startup_stm32f103xb.o(.text)
    TAMPER_IRQHandler                        0x0800011b   Thumb Code     0  startup_stm32f103xb.o(.text)
    TIM1_BRK_IRQHandler                      0x0800011b   Thumb Code     0  startup_stm32f103xb.o(.text)
    TIM1_CC_IRQHandler                       0x0800011b   Thumb Code     0  startup_stm32f103xb.o(.text)
    TIM1_TRG_COM_IRQHandler                  0x0800011b   Thumb Code     0  startup_stm32f103xb.o(.text)
    TIM1_UP_IRQHandler                       0x0800011b   Thumb Code     0  startup_stm32f103xb.o(.text)
    TIM2_IRQHandler                          0x0800011b   Thumb Code     0  startup_stm32f103xb.o(.text)
    TIM3_IRQHandler                          0x0800011b   Thumb Code     0  startup_stm32f103xb.o(.text)
    TIM4_IRQHandler                          0x0800011b   Thumb Code     0  startup_stm32f103xb.o(.text)
    USART1_IRQHandler                        0x0800011b   Thumb Code     0  startup_stm32f103xb.o(.text)
    USBWakeUp_IRQHandler                     0x0800011b   Thumb Code     0  startup_stm32f103xb.o(.text)
    USB_HP_CAN1_TX_IRQHandler                0x0800011b   Thumb Code     0  startup_stm32f103xb.o(.text)
    USB_LP_CAN1_RX0_IRQHandler               0x0800011b   Thumb Code     0  startup_stm32f103xb.o(.text)
    WWDG_IRQHandler                          0x0800011b   Thumb Code     0  startup_stm32f103xb.o(.text)
    __aeabi_llsr                             0x08000125   Thumb Code    32  llushr.o(.text)
    _ll_ushift_r                             0x08000125   Thumb Code     0  llushr.o(.text)
    mktime                                   0x08000145   Thumb Code   150  mktime.o(.text)
    __aeabi_memcpy                           0x080001ed   Thumb Code    36  memcpya.o(.text)
    __aeabi_memcpy4                          0x080001ed   Thumb Code     0  memcpya.o(.text)
    __aeabi_memcpy8                          0x080001ed   Thumb Code     0  memcpya.o(.text)
    __aeabi_memset                           0x08000211   Thumb Code    14  memseta.o(.text)
    __aeabi_memset4                          0x08000211   Thumb Code     0  memseta.o(.text)
    __aeabi_memset8                          0x08000211   Thumb Code     0  memseta.o(.text)
    __aeabi_memclr                           0x0800021f   Thumb Code     4  memseta.o(.text)
    __aeabi_memclr4                          0x0800021f   Thumb Code     0  memseta.o(.text)
    __aeabi_memclr8                          0x0800021f   Thumb Code     0  memseta.o(.text)
    _memset$wrapper                          0x08000223   Thumb Code    18  memseta.o(.text)
    strstr                                   0x08000235   Thumb Code    36  strstr.o(.text)
    strlen                                   0x08000259   Thumb Code    14  strlen.o(.text)
    strcpy                                   0x08000267   Thumb Code    18  strcpy.o(.text)
    strrchr                                  0x08000279   Thumb Code    32  strrchr.o(.text)
    __0sscanf                                0x08000299   Thumb Code    48  __0sscanf.o(.text)
    _scanf_int                               0x080002d1   Thumb Code   332  _scanf_int.o(.text)
    _scanf_string                            0x0800041d   Thumb Code   224  _scanf_str.o(.text)
    _scanf_real                              0x08000625   Thumb Code     0  scanf_fp.o(.text)
    _scanf_really_real                       0x08000625   Thumb Code   556  scanf_fp.o(.text)
    __aeabi_dadd                             0x0800085d   Thumb Code   322  dadd.o(.text)
    __aeabi_dsub                             0x0800099f   Thumb Code     6  dadd.o(.text)
    __aeabi_drsub                            0x080009a5   Thumb Code     6  dadd.o(.text)
    __aeabi_dmul                             0x080009ab   Thumb Code   228  dmul.o(.text)
    __aeabi_ddiv                             0x08000a8f   Thumb Code   222  ddiv.o(.text)
    __aeabi_i2d                              0x08000b6d   Thumb Code    34  dflti.o(.text)
    __aeabi_ui2d                             0x08000b8f   Thumb Code    26  dfltui.o(.text)
    __aeabi_d2iz                             0x08000ba9   Thumb Code    62  dfixi.o(.text)
    __aeabi_d2uiz                            0x08000be7   Thumb Code    50  dfixui.o(.text)
    __aeabi_cdcmpeq                          0x08000c19   Thumb Code     0  cdcmple.o(.text)
    __aeabi_cdcmple                          0x08000c19   Thumb Code    48  cdcmple.o(.text)
    __aeabi_cdrcmple                         0x08000c49   Thumb Code    48  cdrcmple.o(.text)
    __aeabi_uidiv                            0x08000c79   Thumb Code     0  uidiv.o(.text)
    __aeabi_uidivmod                         0x08000c79   Thumb Code    44  uidiv.o(.text)
    __aeabi_uldivmod                         0x08000ca5   Thumb Code    98  uldiv.o(.text)
    __aeabi_llsl                             0x08000d07   Thumb Code    30  llshl.o(.text)
    _ll_shift_l                              0x08000d07   Thumb Code     0  llshl.o(.text)
    __aeabi_lasr                             0x08000d25   Thumb Code    36  llsshr.o(.text)
    _ll_sshift_r                             0x08000d25   Thumb Code     0  llsshr.o(.text)
    localtime                                0x08000d49   Thumb Code     6  localtime_w.o(.text)
    _localtime                               0x08000d55   Thumb Code   134  localtime_i.o(.text)
    _chval                                   0x08000de1   Thumb Code    28  _chval.o(.text)
    __vfscanf_char                           0x08000e09   Thumb Code    20  scanf_char.o(.text)
    _sgetc                                   0x08000e25   Thumb Code    30  _sgetc.o(.text)
    _sbackspace                              0x08000e43   Thumb Code    34  _sgetc.o(.text)
    __I$use$fp                               0x08000e65   Thumb Code     0  iusefp.o(.text)
    _double_round                            0x08000e65   Thumb Code    30  depilogue.o(.text)
    _double_epilogue                         0x08000e83   Thumb Code   156  depilogue.o(.text)
    __aeabi_ul2d                             0x08000f1f   Thumb Code    24  dfltul.o(.text)
    __aeabi_d2ulz                            0x08000f37   Thumb Code    48  dfixul.o(.text)
    __aeabi_d2f                              0x08000f67   Thumb Code    56  d2f.o(.text)
    __scatterload                            0x08000fa1   Thumb Code    28  init.o(.text)
    __scatterload_rt2                        0x08000fa1   Thumb Code     0  init.o(.text)
    isspace                                  0x08000fc5   Thumb Code    10  isspace_c.o(.text)
    __vfscanf                                0x08000fd1   Thumb Code   808  _scanf.o(.text)
    _float_round                             0x080012fd   Thumb Code    18  fepilogue.o(.text)
    _float_epilogue                          0x0800130f   Thumb Code    92  fepilogue.o(.text)
    __ctype_lookup                           0x0800136d   Thumb Code    34  ctype_c.o(.text)
    App_Communication_GetGpsInfo             0x08001395   Thumb Code   616  app_communication.o(i.App_Communication_GetGpsInfo)
    App_Communication_SendData               0x080016cd   Thumb Code   252  app_communication.o(i.App_Communication_SendData)
    App_Communication_SendDataByIoT          0x0800183d   Thumb Code    24  app_communication.o(i.App_Communication_SendDataByIoT)
    App_Communication_SendDataByLoRa         0x08001865   Thumb Code   136  app_communication.o(i.App_Communication_SendDataByLoRa)
    App_Communication_Start                  0x0800193d   Thumb Code    16  app_communication.o(i.App_Communication_Start)
    App_LowPower_EnterLowpower               0x0800194d   Thumb Code    86  app_lowpower.o(i.App_LowPower_EnterLowpower)
    App_LowPower_ExitLowpower                0x080019ad   Thumb Code    12  app_lowpower.o(i.App_LowPower_ExitLowpower)
    App_StepCount_GetStepNum                 0x080019b9   Thumb Code    14  app_stepcount.o(i.App_StepCount_GetStepNum)
    App_StepCount_Start                      0x080019c7   Thumb Code     8  app_stepcount.o(i.App_StepCount_Start)
    BusFault_Handler                         0x080019cf   Thumb Code     4  stm32f1xx_it.o(i.BusFault_Handler)
    Common_Debug_Init                        0x080019d3   Thumb Code     8  common_debug.o(i.Common_Debug_Init)
    Common_Delay_Ms                          0x080019db   Thumb Code    12  common_util.o(i.Common_Delay_Ms)
    Common_Delay_Sec                         0x080019e7   Thumb Code    24  common_util.o(i.Common_Delay_Sec)
    Common_FormatUploadDataType2JsonString   0x08001a01   Thumb Code   196  common_util.o(i.Common_FormatUploadDataType2JsonString)
    Common_UtcDateTime2BeijingDateTime       0x08001b0d   Thumb Code   106  common_util.o(i.Common_UtcDateTime2BeijingDateTime)
    DebugMon_Handler                         0x08001bad   Thumb Code     2  stm32f1xx_it.o(i.DebugMon_Handler)
    Ebyte_E220x_Calibrate                    0x08001baf   Thumb Code    14  ebyte_e220x.o(i.Ebyte_E220x_Calibrate)
    Ebyte_E220x_CalibrateImage               0x08001bbd   Thumb Code   114  ebyte_e220x.o(i.Ebyte_E220x_CalibrateImage)
    Ebyte_E220x_CheckReady                   0x08001c45   Thumb Code    26  ebyte_e220x.o(i.Ebyte_E220x_CheckReady)
    Ebyte_E220x_ClearIrqStatus               0x08001c5f   Thumb Code    28  ebyte_e220x.o(i.Ebyte_E220x_ClearIrqStatus)
    Ebyte_E220x_GetDriverVersion             0x08001c7b   Thumb Code     4  ebyte_e220x.o(i.Ebyte_E220x_GetDriverVersion)
    Ebyte_E220x_GetIrqStatus                 0x08001c7f   Thumb Code    26  ebyte_e220x.o(i.Ebyte_E220x_GetIrqStatus)
    Ebyte_E220x_GetLoraPacketStatus          0x08001c99   Thumb Code    78  ebyte_e220x.o(i.Ebyte_E220x_GetLoraPacketStatus)
    Ebyte_E220x_GetName                      0x08001ced   Thumb Code     4  ebyte_e220x.o(i.Ebyte_E220x_GetName)
    Ebyte_E220x_GetOperatingMode             0x08001cf5   Thumb Code     6  ebyte_e220x.o(i.Ebyte_E220x_GetOperatingMode)
    Ebyte_E220x_GetPayload                   0x08001d01   Thumb Code    46  ebyte_e220x.o(i.Ebyte_E220x_GetPayload)
    Ebyte_E220x_GetRxBufferStatus            0x08001d2f   Thumb Code    58  ebyte_e220x.o(i.Ebyte_E220x_GetRxBufferStatus)
    Ebyte_E220x_Init                         0x08001d69   Thumb Code   126  ebyte_e220x.o(i.Ebyte_E220x_Init)
    Ebyte_E220x_IntOrPollTask                0x08001df5   Thumb Code    78  ebyte_e220x.o(i.Ebyte_E220x_IntOrPollTask)
    Ebyte_E220x_InterruptTrigger             0x08001e4d   Thumb Code     2  ebyte_e220x.o(i.Ebyte_E220x_InterruptTrigger)
    Ebyte_E220x_ReadBuffer                   0x08001e4f   Thumb Code    72  ebyte_e220x.o(i.Ebyte_E220x_ReadBuffer)
    Ebyte_E220x_ReadCommand                  0x08001e97   Thumb Code    66  ebyte_e220x.o(i.Ebyte_E220x_ReadCommand)
    Ebyte_E220x_ReadRegister                 0x08001ed9   Thumb Code    20  ebyte_e220x.o(i.Ebyte_E220x_ReadRegister)
    Ebyte_E220x_ReadRegisters                0x08001eed   Thumb Code    78  ebyte_e220x.o(i.Ebyte_E220x_ReadRegisters)
    Ebyte_E220x_Reset                        0x08001f3b   Thumb Code    34  ebyte_e220x.o(i.Ebyte_E220x_Reset)
    Ebyte_E220x_RfIoEnterRxMode              0x08001f5d   Thumb Code    16  ebyte_e220x.o(i.Ebyte_E220x_RfIoEnterRxMode)
    Ebyte_E220x_RfIoEnterTxMode              0x08001f6d   Thumb Code    16  ebyte_e220x.o(i.Ebyte_E220x_RfIoEnterTxMode)
    Ebyte_E220x_SendPayload                  0x08001f7d   Thumb Code    66  ebyte_e220x.o(i.Ebyte_E220x_SendPayload)
    Ebyte_E220x_SetBufferBaseAddress         0x08001fbf   Thumb Code    26  ebyte_e220x.o(i.Ebyte_E220x_SetBufferBaseAddress)
    Ebyte_E220x_SetDio2AsRfSwitchCtrl        0x08001fd9   Thumb Code    14  ebyte_e220x.o(i.Ebyte_E220x_SetDio2AsRfSwitchCtrl)
    Ebyte_E220x_SetDioIrqParams              0x08001fe7   Thumb Code    74  ebyte_e220x.o(i.Ebyte_E220x_SetDioIrqParams)
    Ebyte_E220x_SetLoraPacketParams          0x08002031   Thumb Code    58  ebyte_e220x.o(i.Ebyte_E220x_SetLoraPacketParams)
    Ebyte_E220x_SetLoraSyncWord              0x0800206b   Thumb Code    26  ebyte_e220x.o(i.Ebyte_E220x_SetLoraSyncWord)
    Ebyte_E220x_SetModulationLoraParams      0x08002085   Thumb Code    44  ebyte_e220x.o(i.Ebyte_E220x_SetModulationLoraParams)
    Ebyte_E220x_SetPaConfig                  0x080020b1   Thumb Code    38  ebyte_e220x.o(i.Ebyte_E220x_SetPaConfig)
    Ebyte_E220x_SetPacketType                0x080020d9   Thumb Code    22  ebyte_e220x.o(i.Ebyte_E220x_SetPacketType)
    Ebyte_E220x_SetPayload                   0x080020f5   Thumb Code    18  ebyte_e220x.o(i.Ebyte_E220x_SetPayload)
    Ebyte_E220x_SetRegulatorMode             0x08002107   Thumb Code    14  ebyte_e220x.o(i.Ebyte_E220x_SetRegulatorMode)
    Ebyte_E220x_SetRfFrequency               0x08002115   Thumb Code   112  ebyte_e220x.o(i.Ebyte_E220x_SetRfFrequency)
    Ebyte_E220x_SetRx                        0x08002189   Thumb Code    98  ebyte_e220x.o(i.Ebyte_E220x_SetRx)
    Ebyte_E220x_SetSleep                     0x080021f1   Thumb Code    32  ebyte_e220x.o(i.Ebyte_E220x_SetSleep)
    Ebyte_E220x_SetStandby                   0x08002215   Thumb Code    34  ebyte_e220x.o(i.Ebyte_E220x_SetStandby)
    Ebyte_E220x_SetTx                        0x0800223d   Thumb Code    92  ebyte_e220x.o(i.Ebyte_E220x_SetTx)
    Ebyte_E220x_SetTxPaParams                0x0800229d   Thumb Code    68  ebyte_e220x.o(i.Ebyte_E220x_SetTxPaParams)
    Ebyte_E220x_WaitOnBusy                   0x080022e1   Thumb Code    14  ebyte_e220x.o(i.Ebyte_E220x_WaitOnBusy)
    Ebyte_E220x_Wakeup                       0x080022ef   Thumb Code    32  ebyte_e220x.o(i.Ebyte_E220x_Wakeup)
    Ebyte_E220x_WriteBuffer                  0x0800230f   Thumb Code    64  ebyte_e220x.o(i.Ebyte_E220x_WriteBuffer)
    Ebyte_E220x_WriteCommand                 0x0800234f   Thumb Code    62  ebyte_e220x.o(i.Ebyte_E220x_WriteCommand)
    Ebyte_E220x_WriteRegister                0x0800238d   Thumb Code    16  ebyte_e220x.o(i.Ebyte_E220x_WriteRegister)
    Ebyte_E220x_WriteRegisters               0x0800239d   Thumb Code    70  ebyte_e220x.o(i.Ebyte_E220x_WriteRegisters)
    Ebyte_Port_BusyIoRead                    0x080023e5   Thumb Code    18  ebyte_port.o(i.Ebyte_Port_BusyIoRead)
    Ebyte_Port_DelayMs                       0x080023fd   Thumb Code    12  ebyte_port.o(i.Ebyte_Port_DelayMs)
    Ebyte_Port_ReceiveCallback               0x08002409   Thumb Code    50  ebyte_callback.o(i.Ebyte_Port_ReceiveCallback)
    Ebyte_Port_RstIoControl                  0x08002455   Thumb Code    32  ebyte_port.o(i.Ebyte_Port_RstIoControl)
    Ebyte_Port_RxenIoControl                 0x08002479   Thumb Code    34  ebyte_port.o(i.Ebyte_Port_RxenIoControl)
    Ebyte_Port_SpiCsIoControl                0x080024a1   Thumb Code    32  ebyte_port.o(i.Ebyte_Port_SpiCsIoControl)
    Ebyte_Port_SpiTransmitAndReceivce        0x080024c5   Thumb Code    32  ebyte_port.o(i.Ebyte_Port_SpiTransmitAndReceivce)
    Ebyte_Port_TransmitCallback              0x080024e9   Thumb Code    50  ebyte_callback.o(i.Ebyte_Port_TransmitCallback)
    Ebyte_Port_TxenIoControl                 0x08002539   Thumb Code    32  ebyte_port.o(i.Ebyte_Port_TxenIoControl)
    Error_Handler                            0x0800255d   Thumb Code     6  main.o(i.Error_Handler)
    HAL_DMA_Abort                            0x08002563   Thumb Code    86  stm32f1xx_hal_dma.o(i.HAL_DMA_Abort)
    HAL_DMA_Abort_IT                         0x080025b9   Thumb Code   172  stm32f1xx_hal_dma.o(i.HAL_DMA_Abort_IT)
    HAL_Delay                                0x08002669   Thumb Code    36  stm32f1xx_hal.o(i.HAL_Delay)
    HAL_GPIO_Init                            0x08002691   Thumb Code   766  stm32f1xx_hal_gpio.o(i.HAL_GPIO_Init)
    HAL_GPIO_ReadPin                         0x080029b1   Thumb Code    16  stm32f1xx_hal_gpio.o(i.HAL_GPIO_ReadPin)
    HAL_GPIO_WritePin                        0x080029c1   Thumb Code    12  stm32f1xx_hal_gpio.o(i.HAL_GPIO_WritePin)
    HAL_GetTick                              0x080029cd   Thumb Code     6  stm32f1xx_hal.o(i.HAL_GetTick)
    HAL_GetUIDw0                             0x080029d9   Thumb Code     6  stm32f1xx_hal.o(i.HAL_GetUIDw0)
    HAL_GetUIDw1                             0x080029e5   Thumb Code     6  stm32f1xx_hal.o(i.HAL_GetUIDw1)
    HAL_GetUIDw2                             0x080029f1   Thumb Code     6  stm32f1xx_hal.o(i.HAL_GetUIDw2)
    HAL_I2C_Init                             0x080029fd   Thumb Code   446  stm32f1xx_hal_i2c.o(i.HAL_I2C_Init)
    HAL_I2C_Mem_Read                         0x08002bcd   Thumb Code   850  stm32f1xx_hal_i2c.o(i.HAL_I2C_Mem_Read)
    HAL_I2C_MspInit                          0x08002f31   Thumb Code   104  i2c.o(i.HAL_I2C_MspInit)
    HAL_IncTick                              0x08002fa5   Thumb Code    16  stm32f1xx_hal.o(i.HAL_IncTick)
    HAL_Init                                 0x08002fbd   Thumb Code    34  stm32f1xx_hal.o(i.HAL_Init)
    HAL_InitTick                             0x08002fe5   Thumb Code    64  stm32f1xx_hal.o(i.HAL_InitTick)
    HAL_MspInit                              0x08003031   Thumb Code    76  stm32f1xx_hal_msp.o(i.HAL_MspInit)
    HAL_NVIC_EnableIRQ                       0x08003085   Thumb Code    32  stm32f1xx_hal_cortex.o(i.HAL_NVIC_EnableIRQ)
    HAL_NVIC_SetPriority                     0x080030a5   Thumb Code   124  stm32f1xx_hal_cortex.o(i.HAL_NVIC_SetPriority)
    HAL_NVIC_SetPriorityGrouping             0x08003121   Thumb Code    32  stm32f1xx_hal_cortex.o(i.HAL_NVIC_SetPriorityGrouping)
    HAL_PWR_EnableBkUpAccess                 0x08003149   Thumb Code     8  stm32f1xx_hal_pwr.o(i.HAL_PWR_EnableBkUpAccess)
    HAL_PWR_EnterSTANDBYMode                 0x08003155   Thumb Code    32  stm32f1xx_hal_pwr.o(i.HAL_PWR_EnterSTANDBYMode)
    HAL_RCCEx_GetPeriphCLKFreq               0x0800317d   Thumb Code   232  stm32f1xx_hal_rcc_ex.o(i.HAL_RCCEx_GetPeriphCLKFreq)
    HAL_RCCEx_PeriphCLKConfig                0x08003279   Thumb Code   290  stm32f1xx_hal_rcc_ex.o(i.HAL_RCCEx_PeriphCLKConfig)
    HAL_RCC_ClockConfig                      0x080033a9   Thumb Code   376  stm32f1xx_hal_rcc.o(i.HAL_RCC_ClockConfig)
    HAL_RCC_GetHCLKFreq                      0x08003535   Thumb Code     6  stm32f1xx_hal_rcc.o(i.HAL_RCC_GetHCLKFreq)
    HAL_RCC_GetPCLK1Freq                     0x08003541   Thumb Code    22  stm32f1xx_hal_rcc.o(i.HAL_RCC_GetPCLK1Freq)
    HAL_RCC_GetPCLK2Freq                     0x08003561   Thumb Code    22  stm32f1xx_hal_rcc.o(i.HAL_RCC_GetPCLK2Freq)
    HAL_RCC_GetSysClockFreq                  0x08003581   Thumb Code    92  stm32f1xx_hal_rcc.o(i.HAL_RCC_GetSysClockFreq)
    HAL_RCC_OscConfig                        0x080035f1   Thumb Code  1114  stm32f1xx_hal_rcc.o(i.HAL_RCC_OscConfig)
    HAL_RTC_GetTime                          0x08003a55   Thumb Code   260  stm32f1xx_hal_rtc.o(i.HAL_RTC_GetTime)
    HAL_RTC_Init                             0x08003b59   Thumb Code   188  stm32f1xx_hal_rtc.o(i.HAL_RTC_Init)
    HAL_RTC_MspInit                          0x08003c19   Thumb Code    52  rtc.o(i.HAL_RTC_MspInit)
    HAL_RTC_SetAlarm                         0x08003c59   Thumb Code   208  stm32f1xx_hal_rtc.o(i.HAL_RTC_SetAlarm)
    HAL_RTC_WaitForSynchro                   0x08003d2d   Thumb Code    64  stm32f1xx_hal_rtc.o(i.HAL_RTC_WaitForSynchro)
    HAL_SPI_Init                             0x08003d6d   Thumb Code   190  stm32f1xx_hal_spi.o(i.HAL_SPI_Init)
    HAL_SPI_MspInit                          0x08003e2d   Thumb Code   120  spi.o(i.HAL_SPI_MspInit)
    HAL_SPI_TransmitReceive                  0x08003eb1   Thumb Code   576  stm32f1xx_hal_spi.o(i.HAL_SPI_TransmitReceive)
    HAL_SYSTICK_Config                       0x080040f1   Thumb Code    52  stm32f1xx_hal_cortex.o(i.HAL_SYSTICK_Config)
    HAL_UARTEx_ReceiveToIdle_IT              0x08004125   Thumb Code   114  stm32f1xx_hal_uart.o(i.HAL_UARTEx_ReceiveToIdle_IT)
    HAL_UARTEx_RxEventCallback               0x08004199   Thumb Code    38  usart.o(i.HAL_UARTEx_RxEventCallback)
    HAL_UART_ErrorCallback                   0x080041c9   Thumb Code     2  stm32f1xx_hal_uart.o(i.HAL_UART_ErrorCallback)
    HAL_UART_IRQHandler                      0x080041cd   Thumb Code   736  stm32f1xx_hal_uart.o(i.HAL_UART_IRQHandler)
    HAL_UART_Init                            0x080044b1   Thumb Code   118  stm32f1xx_hal_uart.o(i.HAL_UART_Init)
    HAL_UART_MspInit                         0x08004529   Thumb Code   360  usart.o(i.HAL_UART_MspInit)
    HAL_UART_RxCpltCallback                  0x080046a9   Thumb Code     2  stm32f1xx_hal_uart.o(i.HAL_UART_RxCpltCallback)
    HAL_UART_Transmit                        0x080046ab   Thumb Code   178  stm32f1xx_hal_uart.o(i.HAL_UART_Transmit)
    HAL_UART_TxCpltCallback                  0x0800475d   Thumb Code     2  stm32f1xx_hal_uart.o(i.HAL_UART_TxCpltCallback)
    HardFault_Handler                        0x0800475f   Thumb Code     4  stm32f1xx_it.o(i.HardFault_Handler)
    Inf_AT6558R_EnterLowpower                0x08004ba9   Thumb Code   122  inf_at6558r.o(i.Inf_AT6558R_EnterLowpower)
    Inf_AT6558R_ExitLowpower                 0x08004c6d   Thumb Code   122  inf_at6558r.o(i.Inf_AT6558R_ExitLowpower)
    Inf_AT6558R_Init                         0x08004d31   Thumb Code    32  inf_at6558r.o(i.Inf_AT6558R_Init)
    Inf_AT6558R_ReadData                     0x08004d71   Thumb Code    82  inf_at6558r.o(i.Inf_AT6558R_ReadData)
    Inf_AT6558R_ReceDataCallBack             0x08004dd5   Thumb Code    22  inf_at6558r.o(i.Inf_AT6558R_ReceDataCallBack)
    Inf_AT6558R_SendCmd                      0x08004df9   Thumb Code   182  inf_at6558r.o(i.Inf_AT6558R_SendCmd)
    Inf_DS3553_Init                          0x08004f09   Thumb Code     8  inf_ds3553.o(i.Inf_DS3553_Init)
    Inf_DS3553_ReadCNT                       0x08004f11   Thumb Code    36  inf_ds3553.o(i.Inf_DS3553_ReadCNT)
    Inf_LoRa_Init                            0x08004f89   Thumb Code    14  inf_lora.o(i.Inf_LoRa_Init)
    Inf_LoRa_ReceiveSuccessCallBack          0x08004f9d   Thumb Code   118  inf_lora.o(i.Inf_LoRa_ReceiveSuccessCallBack)
    Inf_LoRa_SendData                        0x08005059   Thumb Code    20  inf_lora.o(i.Inf_LoRa_SendData)
    Inf_LoRa_TransmitSuccessCallBack         0x08005071   Thumb Code   110  inf_lora.o(i.Inf_LoRa_TransmitSuccessCallBack)
    Inf_QS100_EnterLowpower                  0x08005175   Thumb Code   116  inf_qs100.o(i.Inf_QS100_EnterLowpower)
    Inf_QS100_ExitLowpower                   0x0800523d   Thumb Code   116  inf_qs100.o(i.Inf_QS100_ExitLowpower)
    Inf_QS100_Init                           0x080053d5   Thumb Code    34  inf_qs100.o(i.Inf_QS100_Init)
    Inf_QS100_ReceDataCallBack               0x0800549d   Thumb Code    20  inf_qs100.o(i.Inf_QS100_ReceDataCallBack)
    Inf_QS100_SendTcpData                    0x080055dd   Thumb Code   170  inf_qs100.o(i.Inf_QS100_SendTcpData)
    Inf_QS100_Wakeup                         0x08005689   Thumb Code    32  inf_qs100.o(i.Inf_QS100_Wakeup)
    MX_GPIO_Init                             0x080056ad   Thumb Code   226  gpio.o(i.MX_GPIO_Init)
    MX_I2C1_Init                             0x0800579d   Thumb Code    48  i2c.o(i.MX_I2C1_Init)
    MX_RTC_Init                              0x080057d9   Thumb Code    34  rtc.o(i.MX_RTC_Init)
    MX_SPI1_Init                             0x08005805   Thumb Code    60  spi.o(i.MX_SPI1_Init)
    MX_USART1_UART_Init                      0x08005849   Thumb Code    46  usart.o(i.MX_USART1_UART_Init)
    MX_USART2_UART_Init                      0x08005881   Thumb Code    46  usart.o(i.MX_USART2_UART_Init)
    MX_USART3_UART_Init                      0x080058b9   Thumb Code    46  usart.o(i.MX_USART3_UART_Init)
    MemManage_Handler                        0x080058f1   Thumb Code     4  stm32f1xx_it.o(i.MemManage_Handler)
    NMI_Handler                              0x080058f5   Thumb Code     4  stm32f1xx_it.o(i.NMI_Handler)
    PendSV_Handler                           0x080058f9   Thumb Code     2  stm32f1xx_it.o(i.PendSV_Handler)
    SVC_Handler                              0x08005cdd   Thumb Code     2  stm32f1xx_it.o(i.SVC_Handler)
    SysTick_Handler                          0x08005cdf   Thumb Code     8  stm32f1xx_it.o(i.SysTick_Handler)
    SystemClock_Config                       0x08005ce7   Thumb Code   136  main.o(i.SystemClock_Config)
    SystemInit                               0x08005d6f   Thumb Code     2  system_stm32f1xx.o(i.SystemInit)
    UART_Start_Receive_IT                    0x08006009   Thumb Code    64  stm32f1xx_hal_uart.o(i.UART_Start_Receive_IT)
    USART2_IRQHandler                        0x0800613d   Thumb Code    10  stm32f1xx_it.o(i.USART2_IRQHandler)
    USART3_IRQHandler                        0x0800614d   Thumb Code    10  stm32f1xx_it.o(i.USART3_IRQHandler)
    UsageFault_Handler                       0x0800615d   Thumb Code     4  stm32f1xx_it.o(i.UsageFault_Handler)
    __0printf                                0x08006161   Thumb Code    22  printfa.o(i.__0printf)
    __1printf                                0x08006161   Thumb Code     0  printfa.o(i.__0printf)
    __2printf                                0x08006161   Thumb Code     0  printfa.o(i.__0printf)
    __c89printf                              0x08006161   Thumb Code     0  printfa.o(i.__0printf)
    printf                                   0x08006161   Thumb Code     0  printfa.o(i.__0printf)
    __0sprintf                               0x08006181   Thumb Code    34  printfa.o(i.__0sprintf)
    __1sprintf                               0x08006181   Thumb Code     0  printfa.o(i.__0sprintf)
    __2sprintf                               0x08006181   Thumb Code     0  printfa.o(i.__0sprintf)
    __c89sprintf                             0x08006181   Thumb Code     0  printfa.o(i.__0sprintf)
    sprintf                                  0x08006181   Thumb Code     0  printfa.o(i.__0sprintf)
    free                                     0x080061e1   Thumb Code    88  mallocr.o(i.__free$realloc)
    malloc                                   0x0800623d   Thumb Code    64  mallocr.o(i.__malloc$realloc)
    __scatterload_copy                       0x0800628d   Thumb Code    14  handlers.o(i.__scatterload_copy)
    __scatterload_null                       0x0800629b   Thumb Code     2  handlers.o(i.__scatterload_null)
    __scatterload_zeroinit                   0x0800629d   Thumb Code    14  handlers.o(i.__scatterload_zeroinit)
    _is_digit                                0x08006431   Thumb Code    14  scanf_fp.o(i._is_digit)
    cJSON_AddNumberToObject                  0x08006c29   Thumb Code    56  cjson.o(i.cJSON_AddNumberToObject)
    cJSON_AddStringToObject                  0x08006c65   Thumb Code    48  cjson.o(i.cJSON_AddStringToObject)
    cJSON_CreateNumber                       0x08006c99   Thumb Code    82  cjson.o(i.cJSON_CreateNumber)
    cJSON_CreateObject                       0x08006cfd   Thumb Code    20  cjson.o(i.cJSON_CreateObject)
    cJSON_CreateString                       0x08006d15   Thumb Code    46  cjson.o(i.cJSON_CreateString)
    cJSON_Delete                             0x08006d49   Thumb Code    92  cjson.o(i.cJSON_Delete)
    cJSON_PrintUnformatted                   0x08006dc5   Thumb Code    16  cjson.o(i.cJSON_PrintUnformatted)
    fputc                                    0x08006f41   Thumb Code    22  common_debug.o(i.fputc)
    main                                     0x08006fb1   Thumb Code   918  main.o(i.main)
    printUploadData                          0x08007551   Thumb Code    86  app_communication.o(i.printUploadData)
    realloc                                  0x08007c29   Thumb Code   102  mallocr.o(i.realloc)
    AHBPrescTable                            0x08007ce2   Data          16  system_stm32f1xx.o(.constdata)
    APBPrescTable                            0x08007cf2   Data           8  system_stm32f1xx.o(.constdata)
    Ebyte_RF                                 0x08007cfc   Data          32  ebyte_core.o(.constdata)
    FskBandwidths                            0x08007d34   Data         176  ebyte_e220x.o(.constdata)
    __ctype_categories                       0x08007dfc   Data          64  ctype_c.o(.constdata)
    Region$$Table$$Base                      0x08007ed4   Number         0  anon$$obj.o(Region$$Table)
    Region$$Table$$Limit                     0x08007ef4   Number         0  anon$$obj.o(Region$$Table)
    uwTick                                   0x20000000   Data           4  stm32f1xx_hal.o(.data)
    uwTickPrio                               0x20000004   Data           4  stm32f1xx_hal.o(.data)
    uwTickFreq                               0x20000008   Data           1  stm32f1xx_hal.o(.data)
    SystemCoreClock                          0x2000000c   Data           4  system_stm32f1xx.o(.data)
    __stdout                                 0x20000034   Data           4  stdout.o(.data)
    __microlib_freelist                      0x20000038   Data           4  mvars.o(.data)
    __microlib_freelist_initialised          0x2000003c   Data           4  mvars.o(.data)
    uploadData                               0x20000040   Data         432  main.o(.bss)
    hi2c1                                    0x200001f0   Data          84  i2c.o(.bss)
    hrtc                                     0x20000244   Data          20  rtc.o(.bss)
    hspi1                                    0x20000258   Data          88  spi.o(.bss)
    huart1                                   0x200002b0   Data          72  usart.o(.bss)
    huart2                                   0x200002f8   Data          72  usart.o(.bss)
    huart3                                   0x20000340   Data          72  usart.o(.bss)
    qs100DataBuff                            0x2000093a   Data        1024  inf_qs100.o(.bss)
    __heap_base                              0x200012e0   Data           0  startup_stm32f103xb.o(HEAP)
    __heap_limit                             0x200016e0   Data           0  startup_stm32f103xb.o(HEAP)
    __initial_sp                             0x20001ae0   Data           0  startup_stm32f103xb.o(STACK)



==============================================================================

Memory Map of the image

  Image Entry point : 0x080000ed

  Load Region LR_IROM1 (Base: 0x08000000, Size: 0x00007f34, Max: 0x00010000, ABSOLUTE)

    Execution Region ER_IROM1 (Exec base: 0x08000000, Load base: 0x08000000, Size: 0x00007ef4, Max: 0x00010000, ABSOLUTE)

    Exec Addr    Load Addr    Size         Type   Attr      Idx    E Section Name        Object

    0x08000000   0x08000000   0x000000ec   Data   RO            3    RESET               startup_stm32f103xb.o
    0x080000ec   0x080000ec   0x00000000   Code   RO         4809  * .ARM.Collect$$$$00000000  mc_w.l(entry.o)
    0x080000ec   0x080000ec   0x00000004   Code   RO         5160    .ARM.Collect$$$$00000001  mc_w.l(entry2.o)
    0x080000f0   0x080000f0   0x00000004   Code   RO         5163    .ARM.Collect$$$$00000004  mc_w.l(entry5.o)
    0x080000f4   0x080000f4   0x00000000   Code   RO         5165    .ARM.Collect$$$$00000008  mc_w.l(entry7b.o)
    0x080000f4   0x080000f4   0x00000000   Code   RO         5167    .ARM.Collect$$$$0000000A  mc_w.l(entry8b.o)
    0x080000f4   0x080000f4   0x00000008   Code   RO         5168    .ARM.Collect$$$$0000000B  mc_w.l(entry9a.o)
    0x080000fc   0x080000fc   0x00000000   Code   RO         5170    .ARM.Collect$$$$0000000D  mc_w.l(entry10a.o)
    0x080000fc   0x080000fc   0x00000000   Code   RO         5172    .ARM.Collect$$$$0000000F  mc_w.l(entry11a.o)
    0x080000fc   0x080000fc   0x00000004   Code   RO         5161    .ARM.Collect$$$$00002712  mc_w.l(entry2.o)
    0x08000100   0x08000100   0x00000024   Code   RO            4    .text               startup_stm32f103xb.o
    0x08000124   0x08000124   0x00000020   Code   RO         4812    .text               mc_w.l(llushr.o)
    0x08000144   0x08000144   0x000000a8   Code   RO         4820    .text               mc_w.l(mktime.o)
    0x080001ec   0x080001ec   0x00000024   Code   RO         4823    .text               mc_w.l(memcpya.o)
    0x08000210   0x08000210   0x00000024   Code   RO         4825    .text               mc_w.l(memseta.o)
    0x08000234   0x08000234   0x00000024   Code   RO         4827    .text               mc_w.l(strstr.o)
    0x08000258   0x08000258   0x0000000e   Code   RO         4829    .text               mc_w.l(strlen.o)
    0x08000266   0x08000266   0x00000012   Code   RO         4833    .text               mc_w.l(strcpy.o)
    0x08000278   0x08000278   0x00000020   Code   RO         4837    .text               mc_w.l(strrchr.o)
    0x08000298   0x08000298   0x00000038   Code   RO         5130    .text               mc_w.l(__0sscanf.o)
    0x080002d0   0x080002d0   0x0000014c   Code   RO         5132    .text               mc_w.l(_scanf_int.o)
    0x0800041c   0x0800041c   0x000000e0   Code   RO         5134    .text               mc_w.l(_scanf_str.o)
    0x080004fc   0x080004fc   0x00000360   Code   RO         5136    .text               mc_w.l(scanf_fp.o)
    0x0800085c   0x0800085c   0x0000014e   Code   RO         5140    .text               mf_w.l(dadd.o)
    0x080009aa   0x080009aa   0x000000e4   Code   RO         5142    .text               mf_w.l(dmul.o)
    0x08000a8e   0x08000a8e   0x000000de   Code   RO         5144    .text               mf_w.l(ddiv.o)
    0x08000b6c   0x08000b6c   0x00000022   Code   RO         5146    .text               mf_w.l(dflti.o)
    0x08000b8e   0x08000b8e   0x0000001a   Code   RO         5148    .text               mf_w.l(dfltui.o)
    0x08000ba8   0x08000ba8   0x0000003e   Code   RO         5150    .text               mf_w.l(dfixi.o)
    0x08000be6   0x08000be6   0x00000032   Code   RO         5152    .text               mf_w.l(dfixui.o)
    0x08000c18   0x08000c18   0x00000030   Code   RO         5156    .text               mf_w.l(cdcmple.o)
    0x08000c48   0x08000c48   0x00000030   Code   RO         5158    .text               mf_w.l(cdrcmple.o)
    0x08000c78   0x08000c78   0x0000002c   Code   RO         5175    .text               mc_w.l(uidiv.o)
    0x08000ca4   0x08000ca4   0x00000062   Code   RO         5177    .text               mc_w.l(uldiv.o)
    0x08000d06   0x08000d06   0x0000001e   Code   RO         5179    .text               mc_w.l(llshl.o)
    0x08000d24   0x08000d24   0x00000024   Code   RO         5181    .text               mc_w.l(llsshr.o)
    0x08000d48   0x08000d48   0x0000000c   Code   RO         5183    .text               mc_w.l(localtime_w.o)
    0x08000d54   0x08000d54   0x0000008c   Code   RO         5186    .text               mc_w.l(localtime_i.o)
    0x08000de0   0x08000de0   0x0000001c   Code   RO         5191    .text               mc_w.l(_chval.o)
    0x08000dfc   0x08000dfc   0x00000028   Code   RO         5193    .text               mc_w.l(scanf_char.o)
    0x08000e24   0x08000e24   0x00000040   Code   RO         5195    .text               mc_w.l(_sgetc.o)
    0x08000e64   0x08000e64   0x00000000   Code   RO         5199    .text               mc_w.l(iusefp.o)
    0x08000e64   0x08000e64   0x000000ba   Code   RO         5200    .text               mf_w.l(depilogue.o)
    0x08000f1e   0x08000f1e   0x00000018   Code   RO         5202    .text               mf_w.l(dfltul.o)
    0x08000f36   0x08000f36   0x00000030   Code   RO         5204    .text               mf_w.l(dfixul.o)
    0x08000f66   0x08000f66   0x00000038   Code   RO         5206    .text               mf_w.l(d2f.o)
    0x08000f9e   0x08000f9e   0x00000002   PAD
    0x08000fa0   0x08000fa0   0x00000024   Code   RO         5208    .text               mc_w.l(init.o)
    0x08000fc4   0x08000fc4   0x0000000a   Code   RO         5210    .text               mc_w.l(isspace_c.o)
    0x08000fce   0x08000fce   0x00000002   PAD
    0x08000fd0   0x08000fd0   0x0000032c   Code   RO         5212    .text               mc_w.l(_scanf.o)
    0x080012fc   0x080012fc   0x0000006e   Code   RO         5214    .text               mf_w.l(fepilogue.o)
    0x0800136a   0x0800136a   0x00000002   PAD
    0x0800136c   0x0800136c   0x00000028   Code   RO         5216    .text               mc_w.l(ctype_c.o)
    0x08001394   0x08001394   0x00000338   Code   RO         3112    i.App_Communication_GetGpsInfo  app_communication.o
    0x080016cc   0x080016cc   0x00000170   Code   RO         3113    i.App_Communication_SendData  app_communication.o
    0x0800183c   0x0800183c   0x00000028   Code   RO         3114    i.App_Communication_SendDataByIoT  app_communication.o
    0x08001864   0x08001864   0x000000d8   Code   RO         3115    i.App_Communication_SendDataByLoRa  app_communication.o
    0x0800193c   0x0800193c   0x00000010   Code   RO         3116    i.App_Communication_Start  app_communication.o
    0x0800194c   0x0800194c   0x00000060   Code   RO         3205    i.App_LowPower_EnterLowpower  app_lowpower.o
    0x080019ac   0x080019ac   0x0000000c   Code   RO         3206    i.App_LowPower_ExitLowpower  app_lowpower.o
    0x080019b8   0x080019b8   0x0000000e   Code   RO         3172    i.App_StepCount_GetStepNum  app_stepcount.o
    0x080019c6   0x080019c6   0x00000008   Code   RO         3173    i.App_StepCount_Start  app_stepcount.o
    0x080019ce   0x080019ce   0x00000004   Code   RO          434    i.BusFault_Handler  stm32f1xx_it.o
    0x080019d2   0x080019d2   0x00000008   Code   RO         4048    i.Common_Debug_Init  common_debug.o
    0x080019da   0x080019da   0x0000000c   Code   RO         4081    i.Common_Delay_Ms   common_util.o
    0x080019e6   0x080019e6   0x00000018   Code   RO         4082    i.Common_Delay_Sec  common_util.o
    0x080019fe   0x080019fe   0x00000002   PAD
    0x08001a00   0x08001a00   0x0000010c   Code   RO         4084    i.Common_FormatUploadDataType2JsonString  common_util.o
    0x08001b0c   0x08001b0c   0x000000a0   Code   RO         4085    i.Common_UtcDateTime2BeijingDateTime  common_util.o
    0x08001bac   0x08001bac   0x00000002   Code   RO          435    i.DebugMon_Handler  stm32f1xx_it.o
    0x08001bae   0x08001bae   0x0000000e   Code   RO         3502    i.Ebyte_E220x_Calibrate  ebyte_e220x.o
    0x08001bbc   0x08001bbc   0x00000088   Code   RO         3503    i.Ebyte_E220x_CalibrateImage  ebyte_e220x.o
    0x08001c44   0x08001c44   0x0000001a   Code   RO         3504    i.Ebyte_E220x_CheckReady  ebyte_e220x.o
    0x08001c5e   0x08001c5e   0x0000001c   Code   RO         3506    i.Ebyte_E220x_ClearIrqStatus  ebyte_e220x.o
    0x08001c7a   0x08001c7a   0x00000004   Code   RO         3508    i.Ebyte_E220x_GetDriverVersion  ebyte_e220x.o
    0x08001c7e   0x08001c7e   0x0000001a   Code   RO         3511    i.Ebyte_E220x_GetIrqStatus  ebyte_e220x.o
    0x08001c98   0x08001c98   0x00000054   Code   RO         3512    i.Ebyte_E220x_GetLoraPacketStatus  ebyte_e220x.o
    0x08001cec   0x08001cec   0x00000008   Code   RO         3513    i.Ebyte_E220x_GetName  ebyte_e220x.o
    0x08001cf4   0x08001cf4   0x0000000c   Code   RO         3514    i.Ebyte_E220x_GetOperatingMode  ebyte_e220x.o
    0x08001d00   0x08001d00   0x0000002e   Code   RO         3516    i.Ebyte_E220x_GetPayload  ebyte_e220x.o
    0x08001d2e   0x08001d2e   0x0000003a   Code   RO         3519    i.Ebyte_E220x_GetRxBufferStatus  ebyte_e220x.o
    0x08001d68   0x08001d68   0x0000008c   Code   RO         3521    i.Ebyte_E220x_Init  ebyte_e220x.o
    0x08001df4   0x08001df4   0x00000058   Code   RO         3522    i.Ebyte_E220x_IntOrPollTask  ebyte_e220x.o
    0x08001e4c   0x08001e4c   0x00000002   Code   RO         3523    i.Ebyte_E220x_InterruptTrigger  ebyte_e220x.o
    0x08001e4e   0x08001e4e   0x00000048   Code   RO         3524    i.Ebyte_E220x_ReadBuffer  ebyte_e220x.o
    0x08001e96   0x08001e96   0x00000042   Code   RO         3525    i.Ebyte_E220x_ReadCommand  ebyte_e220x.o
    0x08001ed8   0x08001ed8   0x00000014   Code   RO         3526    i.Ebyte_E220x_ReadRegister  ebyte_e220x.o
    0x08001eec   0x08001eec   0x0000004e   Code   RO         3527    i.Ebyte_E220x_ReadRegisters  ebyte_e220x.o
    0x08001f3a   0x08001f3a   0x00000022   Code   RO         3528    i.Ebyte_E220x_Reset  ebyte_e220x.o
    0x08001f5c   0x08001f5c   0x00000010   Code   RO         3529    i.Ebyte_E220x_RfIoEnterRxMode  ebyte_e220x.o
    0x08001f6c   0x08001f6c   0x00000010   Code   RO         3530    i.Ebyte_E220x_RfIoEnterTxMode  ebyte_e220x.o
    0x08001f7c   0x08001f7c   0x00000042   Code   RO         3531    i.Ebyte_E220x_SendPayload  ebyte_e220x.o
    0x08001fbe   0x08001fbe   0x0000001a   Code   RO         3532    i.Ebyte_E220x_SetBufferBaseAddress  ebyte_e220x.o
    0x08001fd8   0x08001fd8   0x0000000e   Code   RO         3537    i.Ebyte_E220x_SetDio2AsRfSwitchCtrl  ebyte_e220x.o
    0x08001fe6   0x08001fe6   0x0000004a   Code   RO         3539    i.Ebyte_E220x_SetDioIrqParams  ebyte_e220x.o
    0x08002030   0x08002030   0x0000003a   Code   RO         3544    i.Ebyte_E220x_SetLoraPacketParams  ebyte_e220x.o
    0x0800206a   0x0800206a   0x0000001a   Code   RO         3545    i.Ebyte_E220x_SetLoraSyncWord  ebyte_e220x.o
    0x08002084   0x08002084   0x0000002c   Code   RO         3547    i.Ebyte_E220x_SetModulationLoraParams  ebyte_e220x.o
    0x080020b0   0x080020b0   0x00000026   Code   RO         3548    i.Ebyte_E220x_SetPaConfig  ebyte_e220x.o
    0x080020d6   0x080020d6   0x00000002   PAD
    0x080020d8   0x080020d8   0x0000001c   Code   RO         3549    i.Ebyte_E220x_SetPacketType  ebyte_e220x.o
    0x080020f4   0x080020f4   0x00000012   Code   RO         3550    i.Ebyte_E220x_SetPayload  ebyte_e220x.o
    0x08002106   0x08002106   0x0000000e   Code   RO         3551    i.Ebyte_E220x_SetRegulatorMode  ebyte_e220x.o
    0x08002114   0x08002114   0x00000074   Code   RO         3552    i.Ebyte_E220x_SetRfFrequency  ebyte_e220x.o
    0x08002188   0x08002188   0x00000068   Code   RO         3553    i.Ebyte_E220x_SetRx  ebyte_e220x.o
    0x080021f0   0x080021f0   0x00000024   Code   RO         3557    i.Ebyte_E220x_SetSleep  ebyte_e220x.o
    0x08002214   0x08002214   0x00000028   Code   RO         3558    i.Ebyte_E220x_SetStandby  ebyte_e220x.o
    0x0800223c   0x0800223c   0x00000060   Code   RO         3560    i.Ebyte_E220x_SetTx  ebyte_e220x.o
    0x0800229c   0x0800229c   0x00000044   Code   RO         3563    i.Ebyte_E220x_SetTxPaParams  ebyte_e220x.o
    0x080022e0   0x080022e0   0x0000000e   Code   RO         3565    i.Ebyte_E220x_WaitOnBusy  ebyte_e220x.o
    0x080022ee   0x080022ee   0x00000020   Code   RO         3566    i.Ebyte_E220x_Wakeup  ebyte_e220x.o
    0x0800230e   0x0800230e   0x00000040   Code   RO         3567    i.Ebyte_E220x_WriteBuffer  ebyte_e220x.o
    0x0800234e   0x0800234e   0x0000003e   Code   RO         3568    i.Ebyte_E220x_WriteCommand  ebyte_e220x.o
    0x0800238c   0x0800238c   0x00000010   Code   RO         3569    i.Ebyte_E220x_WriteRegister  ebyte_e220x.o
    0x0800239c   0x0800239c   0x00000046   Code   RO         3570    i.Ebyte_E220x_WriteRegisters  ebyte_e220x.o
    0x080023e2   0x080023e2   0x00000002   PAD
    0x080023e4   0x080023e4   0x00000018   Code   RO         3930    i.Ebyte_Port_BusyIoRead  ebyte_port.o
    0x080023fc   0x080023fc   0x0000000c   Code   RO         3931    i.Ebyte_Port_DelayMs  ebyte_port.o
    0x08002408   0x08002408   0x0000004c   Code   RO         3454    i.Ebyte_Port_ReceiveCallback  ebyte_callback.o
    0x08002454   0x08002454   0x00000024   Code   RO         3932    i.Ebyte_Port_RstIoControl  ebyte_port.o
    0x08002478   0x08002478   0x00000028   Code   RO         3933    i.Ebyte_Port_RxenIoControl  ebyte_port.o
    0x080024a0   0x080024a0   0x00000024   Code   RO         3934    i.Ebyte_Port_SpiCsIoControl  ebyte_port.o
    0x080024c4   0x080024c4   0x00000024   Code   RO         3935    i.Ebyte_Port_SpiTransmitAndReceivce  ebyte_port.o
    0x080024e8   0x080024e8   0x00000050   Code   RO         3455    i.Ebyte_Port_TransmitCallback  ebyte_callback.o
    0x08002538   0x08002538   0x00000024   Code   RO         3936    i.Ebyte_Port_TxenIoControl  ebyte_port.o
    0x0800255c   0x0800255c   0x00000006   Code   RO           13    i.Error_Handler     main.o
    0x08002562   0x08002562   0x00000056   Code   RO         1445    i.HAL_DMA_Abort     stm32f1xx_hal_dma.o
    0x080025b8   0x080025b8   0x000000b0   Code   RO         1446    i.HAL_DMA_Abort_IT  stm32f1xx_hal_dma.o
    0x08002668   0x08002668   0x00000028   Code   RO         1066    i.HAL_Delay         stm32f1xx_hal.o
    0x08002690   0x08002690   0x00000320   Code   RO         1381    i.HAL_GPIO_Init     stm32f1xx_hal_gpio.o
    0x080029b0   0x080029b0   0x00000010   Code   RO         1383    i.HAL_GPIO_ReadPin  stm32f1xx_hal_gpio.o
    0x080029c0   0x080029c0   0x0000000c   Code   RO         1385    i.HAL_GPIO_WritePin  stm32f1xx_hal_gpio.o
    0x080029cc   0x080029cc   0x0000000c   Code   RO         1070    i.HAL_GetTick       stm32f1xx_hal.o
    0x080029d8   0x080029d8   0x0000000c   Code   RO         1073    i.HAL_GetUIDw0      stm32f1xx_hal.o
    0x080029e4   0x080029e4   0x0000000c   Code   RO         1074    i.HAL_GetUIDw1      stm32f1xx_hal.o
    0x080029f0   0x080029f0   0x0000000c   Code   RO         1075    i.HAL_GetUIDw2      stm32f1xx_hal.o
    0x080029fc   0x080029fc   0x000001d0   Code   RO          593    i.HAL_I2C_Init      stm32f1xx_hal_i2c.o
    0x08002bcc   0x08002bcc   0x00000364   Code   RO          611    i.HAL_I2C_Mem_Read  stm32f1xx_hal_i2c.o
    0x08002f30   0x08002f30   0x00000074   Code   RO          249    i.HAL_I2C_MspInit   i2c.o
    0x08002fa4   0x08002fa4   0x00000018   Code   RO         1076    i.HAL_IncTick       stm32f1xx_hal.o
    0x08002fbc   0x08002fbc   0x00000028   Code   RO         1077    i.HAL_Init          stm32f1xx_hal.o
    0x08002fe4   0x08002fe4   0x0000004c   Code   RO         1078    i.HAL_InitTick      stm32f1xx_hal.o
    0x08003030   0x08003030   0x00000054   Code   RO          522    i.HAL_MspInit       stm32f1xx_hal_msp.o
    0x08003084   0x08003084   0x00000020   Code   RO         1541    i.HAL_NVIC_EnableIRQ  stm32f1xx_hal_cortex.o
    0x080030a4   0x080030a4   0x0000007c   Code   RO         1547    i.HAL_NVIC_SetPriority  stm32f1xx_hal_cortex.o
    0x08003120   0x08003120   0x00000028   Code   RO         1548    i.HAL_NVIC_SetPriorityGrouping  stm32f1xx_hal_cortex.o
    0x08003148   0x08003148   0x0000000c   Code   RO         1668    i.HAL_PWR_EnableBkUpAccess  stm32f1xx_hal_pwr.o
    0x08003154   0x08003154   0x00000028   Code   RO         1674    i.HAL_PWR_EnterSTANDBYMode  stm32f1xx_hal_pwr.o
    0x0800317c   0x0800317c   0x000000fc   Code   RO         1342    i.HAL_RCCEx_GetPeriphCLKFreq  stm32f1xx_hal_rcc_ex.o
    0x08003278   0x08003278   0x00000130   Code   RO         1343    i.HAL_RCCEx_PeriphCLKConfig  stm32f1xx_hal_rcc_ex.o
    0x080033a8   0x080033a8   0x0000018c   Code   RO         1234    i.HAL_RCC_ClockConfig  stm32f1xx_hal_rcc.o
    0x08003534   0x08003534   0x0000000c   Code   RO         1239    i.HAL_RCC_GetHCLKFreq  stm32f1xx_hal_rcc.o
    0x08003540   0x08003540   0x00000020   Code   RO         1241    i.HAL_RCC_GetPCLK1Freq  stm32f1xx_hal_rcc.o
    0x08003560   0x08003560   0x00000020   Code   RO         1242    i.HAL_RCC_GetPCLK2Freq  stm32f1xx_hal_rcc.o
    0x08003580   0x08003580   0x00000070   Code   RO         1243    i.HAL_RCC_GetSysClockFreq  stm32f1xx_hal_rcc.o
    0x080035f0   0x080035f0   0x00000464   Code   RO         1246    i.HAL_RCC_OscConfig  stm32f1xx_hal_rcc.o
    0x08003a54   0x08003a54   0x00000104   Code   RO         2074    i.HAL_RTC_GetTime   stm32f1xx_hal_rtc.o
    0x08003b58   0x08003b58   0x000000c0   Code   RO         2075    i.HAL_RTC_Init      stm32f1xx_hal_rtc.o
    0x08003c18   0x08003c18   0x00000040   Code   RO          291    i.HAL_RTC_MspInit   rtc.o
    0x08003c58   0x08003c58   0x000000d4   Code   RO         2079    i.HAL_RTC_SetAlarm  stm32f1xx_hal_rtc.o
    0x08003d2c   0x08003d2c   0x00000040   Code   RO         2083    i.HAL_RTC_WaitForSynchro  stm32f1xx_hal_rtc.o
    0x08003d6c   0x08003d6c   0x000000be   Code   RO         2355    i.HAL_SPI_Init      stm32f1xx_hal_spi.o
    0x08003e2a   0x08003e2a   0x00000002   PAD
    0x08003e2c   0x08003e2c   0x00000084   Code   RO          333    i.HAL_SPI_MspInit   spi.o
    0x08003eb0   0x08003eb0   0x00000240   Code   RO         2364    i.HAL_SPI_TransmitReceive  stm32f1xx_hal_spi.o
    0x080040f0   0x080040f0   0x00000034   Code   RO         1552    i.HAL_SYSTICK_Config  stm32f1xx_hal_cortex.o
    0x08004124   0x08004124   0x00000072   Code   RO         2713    i.HAL_UARTEx_ReceiveToIdle_IT  stm32f1xx_hal_uart.o
    0x08004196   0x08004196   0x00000002   PAD
    0x08004198   0x08004198   0x00000030   Code   RO          374    i.HAL_UARTEx_RxEventCallback  usart.o
    0x080041c8   0x080041c8   0x00000002   Code   RO         2728    i.HAL_UART_ErrorCallback  stm32f1xx_hal_uart.o
    0x080041ca   0x080041ca   0x00000002   PAD
    0x080041cc   0x080041cc   0x000002e4   Code   RO         2731    i.HAL_UART_IRQHandler  stm32f1xx_hal_uart.o
    0x080044b0   0x080044b0   0x00000076   Code   RO         2732    i.HAL_UART_Init     stm32f1xx_hal_uart.o
    0x08004526   0x08004526   0x00000002   PAD
    0x08004528   0x08004528   0x00000180   Code   RO          376    i.HAL_UART_MspInit  usart.o
    0x080046a8   0x080046a8   0x00000002   Code   RO         2738    i.HAL_UART_RxCpltCallback  stm32f1xx_hal_uart.o
    0x080046aa   0x080046aa   0x000000b2   Code   RO         2740    i.HAL_UART_Transmit  stm32f1xx_hal_uart.o
    0x0800475c   0x0800475c   0x00000002   Code   RO         2743    i.HAL_UART_TxCpltCallback  stm32f1xx_hal_uart.o
    0x0800475e   0x0800475e   0x00000004   Code   RO          436    i.HardFault_Handler  stm32f1xx_it.o
    0x08004762   0x08004762   0x0000003e   Code   RO          637    i.I2C_IsAcknowledgeFailed  stm32f1xx_hal_i2c.o
    0x080047a0   0x080047a0   0x00000160   Code   RO          648    i.I2C_RequestMemoryRead  stm32f1xx_hal_i2c.o
    0x08004900   0x08004900   0x000000be   Code   RO          658    i.I2C_WaitOnFlagUntilTimeout  stm32f1xx_hal_i2c.o
    0x080049be   0x080049be   0x000000fa   Code   RO          659    i.I2C_WaitOnMasterAddressFlagUntilTimeout  stm32f1xx_hal_i2c.o
    0x08004ab8   0x08004ab8   0x0000008a   Code   RO          660    i.I2C_WaitOnRXNEFlagUntilTimeout  stm32f1xx_hal_i2c.o
    0x08004b42   0x08004b42   0x00000066   Code   RO          663    i.I2C_WaitOnTXEFlagUntilTimeout  stm32f1xx_hal_i2c.o
    0x08004ba8   0x08004ba8   0x000000c4   Code   RO         3329    i.Inf_AT6558R_EnterLowpower  inf_at6558r.o
    0x08004c6c   0x08004c6c   0x000000c4   Code   RO         3330    i.Inf_AT6558R_ExitLowpower  inf_at6558r.o
    0x08004d30   0x08004d30   0x00000040   Code   RO         3331    i.Inf_AT6558R_Init  inf_at6558r.o
    0x08004d70   0x08004d70   0x00000064   Code   RO         3332    i.Inf_AT6558R_ReadData  inf_at6558r.o
    0x08004dd4   0x08004dd4   0x00000024   Code   RO         3333    i.Inf_AT6558R_ReceDataCallBack  inf_at6558r.o
    0x08004df8   0x08004df8   0x00000110   Code   RO         3334    i.Inf_AT6558R_SendCmd  inf_at6558r.o
    0x08004f08   0x08004f08   0x00000008   Code   RO         3389    i.Inf_DS3553_Init   inf_ds3553.o
    0x08004f10   0x08004f10   0x00000024   Code   RO         3390    i.Inf_DS3553_ReadCNT  inf_ds3553.o
    0x08004f34   0x08004f34   0x00000054   Code   RO         3392    i.Inf_DS3553_ReadReg  inf_ds3553.o
    0x08004f88   0x08004f88   0x00000014   Code   RO         3993    i.Inf_LoRa_Init     inf_lora.o
    0x08004f9c   0x08004f9c   0x000000bc   Code   RO         3995    i.Inf_LoRa_ReceiveSuccessCallBack  inf_lora.o
    0x08005058   0x08005058   0x00000018   Code   RO         3996    i.Inf_LoRa_SendData  inf_lora.o
    0x08005070   0x08005070   0x000000ac   Code   RO         3997    i.Inf_LoRa_TransmitSuccessCallBack  inf_lora.o
    0x0800511c   0x0800511c   0x00000058   Code   RO         3238    i.Inf_QS100_ConnetTcpServer  inf_qs100.o
    0x08005174   0x08005174   0x000000c8   Code   RO         3239    i.Inf_QS100_EnterLowpower  inf_qs100.o
    0x0800523c   0x0800523c   0x000000b0   Code   RO         3240    i.Inf_QS100_ExitLowpower  inf_qs100.o
    0x080052ec   0x080052ec   0x000000e8   Code   RO         3241    i.Inf_QS100_HandleResponse  inf_qs100.o
    0x080053d4   0x080053d4   0x0000003c   Code   RO         3242    i.Inf_QS100_Init    inf_qs100.o
    0x08005410   0x08005410   0x00000038   Code   RO         3243    i.Inf_QS100_IsGetIp  inf_qs100.o
    0x08005448   0x08005448   0x00000054   Code   RO         3244    i.Inf_QS100_OpenSocket  inf_qs100.o
    0x0800549c   0x0800549c   0x00000020   Code   RO         3245    i.Inf_QS100_ReceDataCallBack  inf_qs100.o
    0x080054bc   0x080054bc   0x00000024   Code   RO         3246    i.Inf_QS100_SendCmd  inf_qs100.o
    0x080054e0   0x080054e0   0x000000fc   Code   RO         3247    i.Inf_QS100_SendData2TcpServer  inf_qs100.o
    0x080055dc   0x080055dc   0x000000aa   Code   RO         3248    i.Inf_QS100_SendTcpData  inf_qs100.o
    0x08005686   0x08005686   0x00000002   PAD
    0x08005688   0x08005688   0x00000024   Code   RO         3249    i.Inf_QS100_Wakeup  inf_qs100.o
    0x080056ac   0x080056ac   0x000000f0   Code   RO          224    i.MX_GPIO_Init      gpio.o
    0x0800579c   0x0800579c   0x0000003c   Code   RO          250    i.MX_I2C1_Init      i2c.o
    0x080057d8   0x080057d8   0x0000002c   Code   RO          292    i.MX_RTC_Init       rtc.o
    0x08005804   0x08005804   0x00000044   Code   RO          334    i.MX_SPI1_Init      spi.o
    0x08005848   0x08005848   0x00000038   Code   RO          377    i.MX_USART1_UART_Init  usart.o
    0x08005880   0x08005880   0x00000038   Code   RO          378    i.MX_USART2_UART_Init  usart.o
    0x080058b8   0x080058b8   0x00000038   Code   RO          379    i.MX_USART3_UART_Init  usart.o
    0x080058f0   0x080058f0   0x00000004   Code   RO          437    i.MemManage_Handler  stm32f1xx_it.o
    0x080058f4   0x080058f4   0x00000004   Code   RO          438    i.NMI_Handler       stm32f1xx_it.o
    0x080058f8   0x080058f8   0x00000002   Code   RO          439    i.PendSV_Handler    stm32f1xx_it.o
    0x080058fa   0x080058fa   0x00000002   PAD
    0x080058fc   0x080058fc   0x00000028   Code   RO         1247    i.RCC_Delay         stm32f1xx_hal_rcc.o
    0x08005924   0x08005924   0x00000016   Code   RO         2084    i.RTC_Bcd2ToByte    stm32f1xx_hal_rtc.o
    0x0800593a   0x0800593a   0x0000001a   Code   RO         2085    i.RTC_ByteToBcd2    stm32f1xx_hal_rtc.o
    0x08005954   0x08005954   0x000000b6   Code   RO         2086    i.RTC_DateUpdate    stm32f1xx_hal_rtc.o
    0x08005a0a   0x08005a0a   0x0000003a   Code   RO         2087    i.RTC_EnterInitMode  stm32f1xx_hal_rtc.o
    0x08005a44   0x08005a44   0x0000003a   Code   RO         2088    i.RTC_ExitInitMode  stm32f1xx_hal_rtc.o
    0x08005a7e   0x08005a7e   0x00000032   Code   RO         2089    i.RTC_IsLeapYear    stm32f1xx_hal_rtc.o
    0x08005ab0   0x08005ab0   0x00000018   Code   RO         2090    i.RTC_ReadAlarmCounter  stm32f1xx_hal_rtc.o
    0x08005ac8   0x08005ac8   0x00000034   Code   RO         2091    i.RTC_ReadTimeCounter  stm32f1xx_hal_rtc.o
    0x08005afc   0x08005afc   0x00000084   Code   RO         2092    i.RTC_WeekDayNum    stm32f1xx_hal_rtc.o
    0x08005b80   0x08005b80   0x0000002e   Code   RO         2093    i.RTC_WriteAlarmCounter  stm32f1xx_hal_rtc.o
    0x08005bae   0x08005bae   0x0000002e   Code   RO         2094    i.RTC_WriteTimeCounter  stm32f1xx_hal_rtc.o
    0x08005bdc   0x08005bdc   0x00000028   Code   RO         2393    i.SPI_EndRxTxTransaction  stm32f1xx_hal_spi.o
    0x08005c04   0x08005c04   0x000000d8   Code   RO         2398    i.SPI_WaitFlagStateUntilTimeout  stm32f1xx_hal_spi.o
    0x08005cdc   0x08005cdc   0x00000002   Code   RO          440    i.SVC_Handler       stm32f1xx_it.o
    0x08005cde   0x08005cde   0x00000008   Code   RO          441    i.SysTick_Handler   stm32f1xx_it.o
    0x08005ce6   0x08005ce6   0x00000088   Code   RO           14    i.SystemClock_Config  main.o
    0x08005d6e   0x08005d6e   0x00000002   Code   RO         3076    i.SystemInit        system_stm32f1xx.o
    0x08005d70   0x08005d70   0x00000014   Code   RO         2745    i.UART_DMAAbortOnError  stm32f1xx_hal_uart.o
    0x08005d84   0x08005d84   0x0000006c   Code   RO         2755    i.UART_EndRxTransfer  stm32f1xx_hal_uart.o
    0x08005df0   0x08005df0   0x00000020   Code   RO         2756    i.UART_EndTransmit_IT  stm32f1xx_hal_uart.o
    0x08005e10   0x08005e10   0x000000fc   Code   RO         2758    i.UART_Receive_IT   stm32f1xx_hal_uart.o
    0x08005f0c   0x08005f0c   0x000000fc   Code   RO         2759    i.UART_SetConfig    stm32f1xx_hal_uart.o
    0x08006008   0x08006008   0x00000040   Code   RO         2761    i.UART_Start_Receive_IT  stm32f1xx_hal_uart.o
    0x08006048   0x08006048   0x00000060   Code   RO         2762    i.UART_Transmit_IT  stm32f1xx_hal_uart.o
    0x080060a8   0x080060a8   0x00000092   Code   RO         2763    i.UART_WaitOnFlagUntilTimeout  stm32f1xx_hal_uart.o
    0x0800613a   0x0800613a   0x00000002   PAD
    0x0800613c   0x0800613c   0x00000010   Code   RO          442    i.USART2_IRQHandler  stm32f1xx_it.o
    0x0800614c   0x0800614c   0x00000010   Code   RO          443    i.USART3_IRQHandler  stm32f1xx_it.o
    0x0800615c   0x0800615c   0x00000004   Code   RO          444    i.UsageFault_Handler  stm32f1xx_it.o
    0x08006160   0x08006160   0x00000020   Code   RO         5074    i.__0printf         mc_w.l(printfa.o)
    0x08006180   0x08006180   0x00000028   Code   RO         5076    i.__0sprintf        mc_w.l(printfa.o)
    0x080061a8   0x080061a8   0x00000010   Code   RO         1554    i.__NVIC_GetPriorityGrouping  stm32f1xx_hal_cortex.o
    0x080061b8   0x080061b8   0x00000028   Code   RO         1555    i.__NVIC_SetPriority  stm32f1xx_hal_cortex.o
    0x080061e0   0x080061e0   0x0000005c   Code   RO         5106    i.__free$realloc    mc_w.l(mallocr.o)
    0x0800623c   0x0800623c   0x00000050   Code   RO         5107    i.__malloc$realloc  mc_w.l(mallocr.o)
    0x0800628c   0x0800628c   0x0000000e   Code   RO         5221    i.__scatterload_copy  mc_w.l(handlers.o)
    0x0800629a   0x0800629a   0x00000002   Code   RO         5222    i.__scatterload_null  mc_w.l(handlers.o)
    0x0800629c   0x0800629c   0x0000000e   Code   RO         5223    i.__scatterload_zeroinit  mc_w.l(handlers.o)
    0x080062aa   0x080062aa   0x00000002   PAD
    0x080062ac   0x080062ac   0x00000184   Code   RO         5081    i._fp_digits        mc_w.l(printfa.o)
    0x08006430   0x08006430   0x0000000e   Code   RO         5138    i._is_digit         mc_w.l(scanf_fp.o)
    0x0800643e   0x0800643e   0x00000002   PAD
    0x08006440   0x08006440   0x000006dc   Code   RO         5082    i._printf_core      mc_w.l(printfa.o)
    0x08006b1c   0x08006b1c   0x00000024   Code   RO         5083    i._printf_post_padding  mc_w.l(printfa.o)
    0x08006b40   0x08006b40   0x0000002e   Code   RO         5084    i._printf_pre_padding  mc_w.l(printfa.o)
    0x08006b6e   0x08006b6e   0x0000000a   Code   RO         5086    i._sputc            mc_w.l(printfa.o)
    0x08006b78   0x08006b78   0x00000036   Code   RO         4129    i.add_item_to_array  cjson.o
    0x08006bae   0x08006bae   0x0000007a   Code   RO         4130    i.add_item_to_object  cjson.o
    0x08006c28   0x08006c28   0x0000003c   Code   RO         4141    i.cJSON_AddNumberToObject  cjson.o
    0x08006c64   0x08006c64   0x00000034   Code   RO         4144    i.cJSON_AddStringToObject  cjson.o
    0x08006c98   0x08006c98   0x00000064   Code   RO         4155    i.cJSON_CreateNumber  cjson.o
    0x08006cfc   0x08006cfc   0x00000018   Code   RO         4156    i.cJSON_CreateObject  cjson.o
    0x08006d14   0x08006d14   0x00000034   Code   RO         4159    i.cJSON_CreateString  cjson.o
    0x08006d48   0x08006d48   0x00000060   Code   RO         4163    i.cJSON_Delete      cjson.o
    0x08006da8   0x08006da8   0x0000001a   Code   RO         4193    i.cJSON_New_Item    cjson.o
    0x08006dc2   0x08006dc2   0x00000002   PAD
    0x08006dc4   0x08006dc4   0x00000014   Code   RO         4201    i.cJSON_PrintUnformatted  cjson.o
    0x08006dd8   0x08006dd8   0x00000038   Code   RO         4211    i.cJSON_strdup      cjson.o
    0x08006e10   0x08006e10   0x00000002   Code   RO         4213    i.cast_away_const   cjson.o
    0x08006e12   0x08006e12   0x00000002   PAD
    0x08006e14   0x08006e14   0x00000074   Code   RO         4214    i.compare_double    cjson.o
    0x08006e88   0x08006e88   0x000000b8   Code   RO         4216    i.ensure            cjson.o
    0x08006f40   0x08006f40   0x0000001c   Code   RO         4049    i.fputc             common_debug.o
    0x08006f5c   0x08006f5c   0x00000004   Code   RO         4218    i.get_decimal_point  cjson.o
    0x08006f60   0x08006f60   0x00000050   Code   RO         5108    i.internal_alloc    mc_w.l(mallocr.o)
    0x08006fb0   0x08006fb0   0x000004e4   Code   RO           15    i.main              main.o
    0x08007494   0x08007494   0x000000bc   Code   RO         4227    i.print             cjson.o
    0x08007550   0x08007550   0x000000d4   Code   RO         3117    i.printUploadData   app_communication.o
    0x08007624   0x08007624   0x000000b2   Code   RO         4228    i.print_array       cjson.o
    0x080076d6   0x080076d6   0x00000002   PAD
    0x080076d8   0x080076d8   0x00000154   Code   RO         4229    i.print_number      cjson.o
    0x0800782c   0x0800782c   0x00000174   Code   RO         4230    i.print_object      cjson.o
    0x080079a0   0x080079a0   0x00000010   Code   RO         4231    i.print_string      cjson.o
    0x080079b0   0x080079b0   0x00000174   Code   RO         4232    i.print_string_ptr  cjson.o
    0x08007b24   0x08007b24   0x00000104   Code   RO         4233    i.print_value       cjson.o
    0x08007c28   0x08007c28   0x0000006c   Code   RO         5109    i.realloc           mc_w.l(mallocr.o)
    0x08007c94   0x08007c94   0x00000006   Code   RO         4238    i.suffix_object     cjson.o
    0x08007c9a   0x08007c9a   0x00000024   Code   RO         4239    i.update_offset     cjson.o
    0x08007cbe   0x08007cbe   0x00000012   Data   RO         1248    .constdata          stm32f1xx_hal_rcc.o
    0x08007cd0   0x08007cd0   0x00000012   Data   RO         1344    .constdata          stm32f1xx_hal_rcc_ex.o
    0x08007ce2   0x08007ce2   0x00000018   Data   RO         3077    .constdata          system_stm32f1xx.o
    0x08007cfa   0x08007cfa   0x00000002   PAD
    0x08007cfc   0x08007cfc   0x00000020   Data   RO         3436    .constdata          ebyte_core.o
    0x08007d1c   0x08007d1c   0x000000c8   Data   RO         3572    .constdata          ebyte_e220x.o
    0x08007de4   0x08007de4   0x0000000c   Data   RO         4821    .constdata          mc_w.l(mktime.o)
    0x08007df0   0x08007df0   0x0000000c   Data   RO         5187    .constdata          mc_w.l(localtime_i.o)
    0x08007dfc   0x08007dfc   0x00000040   Data   RO         5217    .constdata          mc_w.l(ctype_c.o)
    0x08007e3c   0x08007e3c   0x00000097   Data   RO         3458    .conststring        ebyte_callback.o
    0x08007ed3   0x08007ed3   0x00000001   PAD
    0x08007ed4   0x08007ed4   0x00000020   Data   RO         5219    Region$$Table       anon$$obj.o


    Execution Region RW_IRAM1 (Exec base: 0x20000000, Load base: 0x08007ef4, Size: 0x00001ae0, Max: 0x00005000, ABSOLUTE)

    Exec Addr    Load Addr    Size         Type   Attr      Idx    E Section Name        Object

    0x20000000   0x08007ef4   0x00000009   Data   RW         1084    .data               stm32f1xx_hal.o
    0x20000009   0x08007efd   0x00000003   PAD
    0x2000000c   0x08007f00   0x00000004   Data   RW         3078    .data               system_stm32f1xx.o
    0x20000010   0x08007f04   0x00000002   Data   RW         3119    .data               app_communication.o
    0x20000012   0x08007f06   0x00000004   Data   RW         3251    .data               inf_qs100.o
    0x20000016   0x08007f0a   0x00000002   Data   RW         3336    .data               inf_at6558r.o
    0x20000018   0x08007f0c   0x00000008   Data   RW         3573    .data               ebyte_e220x.o
    0x20000020   0x08007f14   0x00000014   Data   RW         4242    .data               cjson.o
    0x20000034   0x08007f28   0x00000004   Data   RW         5174    .data               mc_w.l(stdout.o)
    0x20000038   0x08007f2c   0x00000004   Data   RW         5189    .data               mc_w.l(mvars.o)
    0x2000003c   0x08007f30   0x00000004   Data   RW         5190    .data               mc_w.l(mvars.o)
    0x20000040        -       0x000001b0   Zero   RW           16    .bss                main.o
    0x200001f0        -       0x00000054   Zero   RW          251    .bss                i2c.o
    0x20000244        -       0x00000014   Zero   RW          293    .bss                rtc.o
    0x20000258        -       0x00000058   Zero   RW          335    .bss                spi.o
    0x200002b0        -       0x000000d8   Zero   RW          380    .bss                usart.o
    0x20000388        -       0x00000400   Zero   RW         3118    .bss                app_communication.o
    0x20000788        -       0x000005b2   Zero   RW         3250    .bss                inf_qs100.o
    0x20000d3a        -       0x00000464   Zero   RW         3335    .bss                inf_at6558r.o
    0x2000119e   0x08007f34   0x00000002   PAD
    0x200011a0        -       0x00000113   Zero   RW         3571    .bss                ebyte_e220x.o
    0x200012b3   0x08007f34   0x00000001   PAD
    0x200012b4        -       0x0000002c   Zero   RW         5184    .bss                mc_w.l(localtime_w.o)
    0x200012e0        -       0x00000400   Zero   RW            2    HEAP                startup_stm32f103xb.o
    0x200016e0        -       0x00000400   Zero   RW            1    STACK               startup_stm32f103xb.o


==============================================================================

Image component sizes


      Code (inc. data)   RO Data    RW Data    ZI Data      Debug   Object Name

      1676        546          0          2       1024       4385   app_communication.o
       108         10          0          0          0       1045   app_lowpower.o
        22          0          0          0          0       1329   app_stepcount.o
      2736        120          0         20          0      25470   cjson.o
        36          6          0          0          0        992   common_debug.o
       464        126          0          0          0       2767   common_util.o
       156         56        151          0          0       2263   ebyte_callback.o
         0          0         32          0          0       1115   ebyte_core.o
      2098         92        200          8        275      33789   ebyte_e220x.o
       220         28          0          0          0       3837   ebyte_port.o
       240         14          0          0          0        967   gpio.o
       176         24          0          0         84       1589   i2c.o
       864        302          0          2       1124       3882   inf_at6558r.o
       128         10          0          0          0       1511   inf_ds3553.o
       404        142          0          0          0       2421   inf_lora.o
      1422        458          0          4       1458       7676   inf_qs100.o
      1394        334          0          0        432     420725   main.o
       108         22          0          0         20       1471   rtc.o
       200         20          0          0         88       1617   spi.o
        36          8        236          0       2048        800   startup_stm32f103xb.o
       228         54          0          9          0       7362   stm32f1xx_hal.o
       304         22          0          0          0      29383   stm32f1xx_hal_cortex.o
       262          4          0          0          0       1743   stm32f1xx_hal_dma.o
       828         34          0          0          0       3295   stm32f1xx_hal_gpio.o
      2426         40          0          0          0       8658   stm32f1xx_hal_i2c.o
        84          8          0          0          0        886   stm32f1xx_hal_msp.o
        52         12          0          0          0       1030   stm32f1xx_hal_pwr.o
      1748         98         18          0          0       5932   stm32f1xx_hal_rcc.o
       556         34         18          0          0       2357   stm32f1xx_hal_rcc_ex.o
      1424          8          0          0          0      11021   stm32f1xx_hal_rtc.o
      1022          6          0          0          0       4453   stm32f1xx_hal_spi.o
      2126          8          0          0          0      12089   stm32f1xx_hal_uart.o
        66         12          0          0          0       4798   stm32f1xx_it.o
         2          0         24          4          0       1107   system_stm32f1xx.o
       600         64          0          0        216       3477   usart.o

    ----------------------------------------------------------------------
     24242       2722        714         52       6772     617242   Object Totals
         0          0         32          0          0          0   (incl. Generated)
        26          0          3          3          3          0   (incl. Padding)

    ----------------------------------------------------------------------

      Code (inc. data)   RO Data    RW Data    ZI Data      Debug   Library Member Name

        56          8          0          0          0         84   __0sscanf.o
        28          0          0          0          0         68   _chval.o
       812          4          0          0          0        112   _scanf.o
       332          0          0          0          0         96   _scanf_int.o
       224          0          0          0          0         96   _scanf_str.o
        64          0          0          0          0         84   _sgetc.o
        40          6         64          0          0         68   ctype_c.o
         0          0          0          0          0          0   entry.o
         0          0          0          0          0          0   entry10a.o
         0          0          0          0          0          0   entry11a.o
         8          4          0          0          0          0   entry2.o
         4          0          0          0          0          0   entry5.o
         0          0          0          0          0          0   entry7b.o
         0          0          0          0          0          0   entry8b.o
         8          4          0          0          0          0   entry9a.o
        30          0          0          0          0          0   handlers.o
        36          8          0          0          0         68   init.o
        10          0          0          0          0         68   isspace_c.o
         0          0          0          0          0          0   iusefp.o
        30          0          0          0          0         68   llshl.o
        36          0          0          0          0         68   llsshr.o
        32          0          0          0          0         68   llushr.o
       140          6         12          0          0         76   localtime_i.o
        12          6          0          0         44         68   localtime_w.o
       360         30          0          0          0        356   mallocr.o
        36          0          0          0          0         68   memcpya.o
        36          0          0          0          0        108   memseta.o
       168         18         12          0          0         80   mktime.o
         0          0          0          8          0          0   mvars.o
      2308         96          0          0          0        604   printfa.o
        40          8          0          0          0         84   scanf_char.o
       878         12          0          0          0        216   scanf_fp.o
         0          0          0          4          0          0   stdout.o
        18          0          0          0          0         68   strcpy.o
        14          0          0          0          0         68   strlen.o
        32          0          0          0          0         68   strrchr.o
        36          0          0          0          0         80   strstr.o
        44          0          0          0          0         80   uidiv.o
        98          0          0          0          0         92   uldiv.o
        48          0          0          0          0         68   cdcmple.o
        48          0          0          0          0         68   cdrcmple.o
        56          0          0          0          0         88   d2f.o
       334          0          0          0          0        148   dadd.o
       222          0          0          0          0        100   ddiv.o
       186          0          0          0          0        176   depilogue.o
        62          0          0          0          0         80   dfixi.o
        50          0          0          0          0         76   dfixui.o
        48          0          0          0          0         68   dfixul.o
        34          0          0          0          0         76   dflti.o
        26          0          0          0          0         76   dfltui.o
        24          0          0          0          0         76   dfltul.o
       228          0          0          0          0         96   dmul.o
       110          0          0          0          0        168   fepilogue.o

    ----------------------------------------------------------------------
      7456        210         88         12         44       4428   Library Totals
        10          0          0          0          0          0   (incl. Padding)

    ----------------------------------------------------------------------

      Code (inc. data)   RO Data    RW Data    ZI Data      Debug   Library Name

      5970        210         88         12         44       3064   mc_w.l
      1476          0          0          0          0       1364   mf_w.l

    ----------------------------------------------------------------------
      7456        210         88         12         44       4428   Library Totals

    ----------------------------------------------------------------------

==============================================================================


      Code (inc. data)   RO Data    RW Data    ZI Data      Debug   

     31698       2932        802         64       6816     608250   Grand Totals
     31698       2932        802         64       6816     608250   ELF Image Totals
     31698       2932        802         64          0          0   ROM Totals

==============================================================================

    Total RO  Size (Code + RO Data)                32500 (  31.74kB)
    Total RW  Size (RW Data + ZI Data)              6880 (   6.72kB)
    Total ROM Size (Code + RO Data + RW Data)      32564 (  31.80kB)

==============================================================================

